[clyde.studiofreight.com/index.html]
[clyde.studiofreight.com/site.webmanifest]
[clyde.studiofreight.com/apple-touch-icon.png]
[clyde.studiofreight.com/favicon-32x32.png]
[clyde.studiofreight.com/favicon-16x16.png]
[clyde.studiofreight.com/safari-pinned-tab.svg]
[backblue.gif]
[fade.gif]
[index.html]
[clyde.studiofreight.com/favicon.ico]
[joinclyde.com/og-image.jpg]
[clyde.studiofreight.com/fonts/oldschool-grotesk/OldschoolGrotesk_W-Medium.woff2]
[clyde.studiofreight.com/fonts/oldschool-grotesk/OldschoolGrotesk_W-Book.woff2]
[clyde.studiofreight.com/fonts/oldschool-grotesk/OldschoolGroteskCompact_W-Book.woff2]
[clyde.studiofreight.com/fonts/recoleta/Recoleta-Regular.woff2]
[clyde.studiofreight.com/images/gradient.jpg]
[clyde.studiofreight.com/_next/static/chunks/polyfills-c67a75d1b6f99dc8.js]
[clyde.studiofreight.com/_next/static/chunks/webpack-717dc9a36fda7ad3.js]
[clyde.studiofreight.com/_next/static/chunks/framework-8d78bf989db74c8f.js]
[clyde.studiofreight.com/_next/static/chunks/main-551652e41c455b1f.js]
[clyde.studiofreight.com/_next/static/chunks/pages/_app-33e8131dd9ea4cf9.js]
[clyde.studiofreight.com/_next/static/chunks/165-1c11d27825b6197a.js]
[clyde.studiofreight.com/_next/static/chunks/361-37a5a0cbe3d9c507.js]
[clyde.studiofreight.com/_next/static/chunks/773-dd9d4923eebc72ee.js]
[clyde.studiofreight.com/_next/static/chunks/411-40fa9f0c39b05900.js]
[clyde.studiofreight.com/_next/static/chunks/901-8107255ebcb119b5.js]
[clyde.studiofreight.com/_next/static/chunks/434-f916115fd57bbc56.js]
[clyde.studiofreight.com/_next/static/chunks/768-ebf1bcf556ab1a7e.js]
[clyde.studiofreight.com/_next/static/chunks/529-07f9cb9c6f2c578f.js]
[clyde.studiofreight.com/_next/static/chunks/pages/index-7f222a5ea002165a.js]
[clyde.studiofreight.com/_next/static/aObFqnzLkVwxk7DoEpUNo/_buildManifest.js]
[clyde.studiofreight.com/_next/static/aObFqnzLkVwxk7DoEpUNo/_ssgManifest.js]
[maxcdn.bootstrapcdn.com/font-awesome/4.7.0/css/font-awesome.min.css]
[clyde.studiofreight.com/_next/static/css/8ac3d651fa1e0e53.css]
[clyde.studiofreight.com/_next/static/css/98fef9bc13c4d4d7.css]
[clyde.studiofreight.com/_next/static/css/7bcc6829c4ad8694.css]
[clyde.studiofreight.com/extended-warranty.html]
[clyde.studiofreight.com/registration.html]
[clyde.studiofreight.com/resolution.html]
[clyde.studiofreight.com/blog.html]
[clyde.studiofreight.com/customers.html]
[clyde.studiofreight.com/partnerships.html]
[docs.joinclyde.com/docs.html]
[clyde.studiofreight.com/connect.html]
[clyde.studiofreight.com/_next/Clyde-Hero-Illustration_017b47.png]
[clyde.studiofreight.com/_next/Clyde-Hero-Illustration_02c11cc.png]
[clyde.studiofreight.com/_next/Clyde-Hero-Illustration_032f5a.png]
[clyde.studiofreight.com/_next/Clyde-Hero-Illustration_04545d.png]
[clyde.studiofreight.com/_next/Clyde-Hero-Illustration_05669b.png]
[clyde.studiofreight.com/_next/Clyde-Hero-Illustration_06f66b.png]
[images.ctfassets.net/syqy9de2od1s/2f3A9uYZlOOG2mH2BSCN4v/ec1fd1f94f0ae1fe81f10a5d17f7b0ce/shark.svg]
[images.ctfassets.net/syqy9de2od1s/2IEN7J7jVA6NSjZy3ff8XO/78ae9195be04f9c7ee5533d9a4d59ffe/marshall.svg]
[images.ctfassets.net/syqy9de2od1s/3LaYhGUXe9ZSNzYWtSkI2h/16b799d51e1ed804f58f6b22546346cc/tempo.svg]
[images.ctfassets.net/syqy9de2od1s/CXUby68NcAdfYOd0VffCl/6bbf21b2a4dc24b7235a1ce63e82fa37/bugaboo.svg]
[images.ctfassets.net/syqy9de2od1s/3f0KUCzZsUKgjBTtz2cp0h/13183cb40ce40784d1908538b4c7e135/raycon.svg]
[images.ctfassets.net/syqy9de2od1s/5z8L1NbkVzMtpw6Vl7cZhY/eb6d81741547361d13fcb9944ae09fbe/windmill.svg]
[clyde.studiofreight.com/_next/Clyde-Product-Gallery-1f444a.png]
[clyde.studiofreight.com/_next/Clyde-Product-Gallery-1ga249.png]
[clyde.studiofreight.com/_next/Clyde-Product-Gallery-1a96fe.png]
[clyde.studiofreight.com/_next/Clyde-Product-Gallery-1ca70f.png]
[clyde.studiofreight.com/_next/Clyde-Product-Gallery-1dca55.png]
[clyde.studiofreight.com/_next/Clyde-Product-Gallery-1ea0a3.png]
[clyde.studiofreight.com/_next/Clyde-Product-Gallery-1b16ae.png]
[clyde.studiofreight.com/_next/Clyde-Product-Gallery-3ff3a6.png]
[clyde.studiofreight.com/_next/Clyde-Product-Gallery-3g147d.png]
[clyde.studiofreight.com/_next/Clyde-Product-Gallery-3ad031.png]
[clyde.studiofreight.com/_next/Clyde-Product-Gallery-3c976a.png]
[clyde.studiofreight.com/_next/Clyde-Product-Gallery-3df93e.png]
[clyde.studiofreight.com/_next/Clyde-Product-Gallery-3e14d3.png]
[clyde.studiofreight.com/_next/Clyde-Product-Gallery-3b456a.png]
[clyde.studiofreight.com/_next/Clyde-Product-Gallery-2feb92.png]
[clyde.studiofreight.com/_next/Clyde-Product-Gallery-2gc847.png]
[clyde.studiofreight.com/_next/Clyde-Product-Gallery-2a4444.png]
[clyde.studiofreight.com/_next/Clyde-Product-Gallery-2c0134.png]
[clyde.studiofreight.com/_next/Clyde-Product-Gallery-2dbc26.png]
[clyde.studiofreight.com/_next/Clyde-Product-Gallery-2eec55.png]
[clyde.studiofreight.com/_next/Clyde-Product-Gallery-2bfa41.png]
[clyde.studiofreight.com/_next/Clyde-Products-Extended-Warrantyd25d.jpg]
[clyde.studiofreight.com/_next/Clyde-Products-Registration66fa.jpg]
[clyde.studiofreight.com/_next/Clyde-Products-Claims47d2.jpg]
[images.ctfassets.net/syqy9de2od1s/BneqA6j6bYgj8J6MCAVL1/8843d921f43c838b8c2d196995e8fcae/lull.svg]
[clyde.studiofreight.com/case-study/lull.html]
[clyde.studiofreight.com/_next/Clyde-Lull-Thumbnailcd2e.jpg]
[images.ctfassets.net/syqy9de2od1s/121Nil9Mi4xQr9SkJcLh7G/4e323f1fbfc7ee589933da020d8c4e79/senville.svg]
[clyde.studiofreight.com/case-study/senville.html]
[clyde.studiofreight.com/_next/Senville-Thumbnailb54d.jpg]
[images.ctfassets.net/syqy9de2od1s/2MORO2X5qbQKwziAtz03Am/81ea8aa5d152deec985b63b91f31decf/Liteboxer-Logo-Black.svg]
[clyde.studiofreight.com/case-study/liteboxer.html]
[clyde.studiofreight.com/_next/Liteboxer-Thumbnail-Opt-1be57.png]
[images.ctfassets.net/syqy9de2od1s/2NzuEBcus5I8jLRGY6GJuo/0396b6e4409c62cf2858b45b8dab51e2/Clyde-Logo-TuftNeedle-Black.svg]
[clyde.studiofreight.com/_next/Client-05892a.jpg]
[www.w3.org/2000/svg.html]
[dash.partnerstack.com/applicationf0f4.html]
[dash.partnerstack.com/handshake47ec.html]
[clyde.studiofreight.com/about.html]
[clyde.studiofreight.com/careers.html]
[status.joinclyde.com/index.html]
[twitter.com/join_clyde.5e.delayed]
[clyde.studiofreight.com/index.html]
[clyde.studiofreight.com/safari-pinned-tab.svg]
[maxcdn.bootstrapcdn.com/font-awesome/4.7.0/css/font-awesome.min.css]
[clyde.studiofreight.com/legal/data-privacy.html]
[clyde.studiofreight.com/fonts/oldschool-grotesk/OldschoolGrotesk_W-Medium.woff]
[clyde.studiofreight.com/fonts/oldschool-grotesk/OldschoolGrotesk_W-Book.woff]
[clyde.studiofreight.com/fonts/oldschool-grotesk/OldschoolGroteskCompact_W-Book.woff]
[clyde.studiofreight.com/fonts/recoleta/Recoleta-Regular.woff]
[clyde.studiofreight.com/images/chevron.png]
[clyde.studiofreight.com/_next/static/css/8ac3d651fa1e0e53.css]
[clyde.studiofreight.com/_next/static/css/98fef9bc13c4d4d7.css]
[clyde.studiofreight.com/_next/static/css/7bcc6829c4ad8694.css]
[images.ctfassets.net/syqy9de2od1s/2GiCSD21wgQKhM4cWVrKlI/af5f9edb07c877b916d9371ecadf2e2e/Clyde_OG-Data-Privacy.jpg]
[clyde.studiofreight.com/_next/static/chunks/488-ed2ab6cc54da1a34.js]
[clyde.studiofreight.com/_next/static/chunks/903-383283f99ded26e5.js]
[clyde.studiofreight.com/_next/static/chunks/pages/[slug]-c847d03ec95d200d.js]
[clyde.studiofreight.com/_next/static/css/080b1bff94c6d751.css]
[clyde.studiofreight.com/_next/static/css/3f566a749ffa080a.css]
[clyde.studiofreight.com/_next/Clyde-Extended-Hero2baa4.jpg]
[clyde.studiofreight.com/_next/Artboard_1_copy_5_3ddcc.png]
[clyde.studiofreight.com/_next/01a321a2.jpg]
[clyde.studiofreight.com/_next/01b30900.jpg]
[clyde.studiofreight.com/_next/01c363db.jpg]
[clyde.studiofreight.com/_next/02a9225.jpg]
[clyde.studiofreight.com/_next/02b1cb5.jpg]
[clyde.studiofreight.com/_next/02c0aae.jpg]
[clyde.studiofreight.com/_next/03ac91c.jpg]
[clyde.studiofreight.com/_next/03bb538.jpg]
[clyde.studiofreight.com/_next/03c1157.jpg]
[images.ctfassets.net/syqy9de2od1s/6oJQtuMkDShRS8taS8u7VG/ce442e49d33cb867595b762cc38bea88/Clyde-Registria-partnership.png]
[clyde.studiofreight.com/_next/umbrella0f64.png]
[clyde.studiofreight.com/_next/Clyde-Love_0153dc.png]
[clyde.studiofreight.com/_next/Clyde-Love_02649f.png]
[clyde.studiofreight.com/_next/Clyde-Love_032eea.png]
[clyde.studiofreight.com/_next/Clyde-Love_044513.png]
[clyde.studiofreight.com/_next/Clyde-UseCases_01ee5f.png]
[clyde.studiofreight.com/_next/Clyde-UseCases_Senvillee0f4.png]
[clyde.studiofreight.com/_next/Clyde-UseCases_Lulleac3.png]
[clyde.studiofreight.com/_next/Clyde-UseCases_07cb36.png]
[clyde.studiofreight.com/_next/Clyde-UseCases_06b3bf.png]
[clyde.studiofreight.com/_next/Clyde-UseCases_046997.png]
[clyde.studiofreight.com/blog/how-these-4-brands-are-raising-the-bar-on-customer-experience.html]
[clyde.studiofreight.com/_next/Clyde-Blog-Raising_the_bar_on_customer_experiencec616.jpg]
[clyde.studiofreight.com/blog/what-industry-4-0-means-for-retail-and-what-two-areas-you-should-invest-in.html]
[clyde.studiofreight.com/_next/Clyde-Blog-Industry45ea6.jpg]
[clyde.studiofreight.com/blog/clyde-earns-soc-2-type-ii-attestation.html]
[clyde.studiofreight.com/_next/Clyde-Blog-Embracing-Sustainability-2__9_ab65.png]
[clyde.studiofreight.com/_next/Clyde-FAQ-Image5f87.jpg]
[clyde.studiofreight.com/extended-warranty.html]
[images.ctfassets.net/syqy9de2od1s/2Bo1GO8bxcRQgXrKNB24Da/ad4d944897d4170334c90d294282cc8f/Clyde_OG-Product-Registration.jpg]
[clyde.studiofreight.com/_next/Clyde-Registration-Hero25f51.jpg]
[clyde.studiofreight.com/_next/Clyde-Registration_0166c5.png]
[clyde.studiofreight.com/_next/Clyde-Registration_02bb49.png]
[clyde.studiofreight.com/_next/Clyde-Registration_0311e2.png]
[clyde.studiofreight.com/_next/Clyde-Registration_046d6d.png]
[clyde.studiofreight.com/_next/Clyde-Glow1020.png]
[clyde.studiofreight.com/_next/01ad680.jpg]
[clyde.studiofreight.com/_next/01bfc07.jpg]
[clyde.studiofreight.com/_next/01c1892.jpg]
[clyde.studiofreight.com/_next/02ad318.jpg]
[clyde.studiofreight.com/_next/Register-your-Tushy-2c338.jpg]
[clyde.studiofreight.com/_next/02ce778.jpg]
[clyde.studiofreight.com/registration.html]
[images.ctfassets.net/syqy9de2od1s/6AMNvZn7JSRRjyUTakFYDz/a8f2d54615589dba49baeb1001c245ec/Clyde_OG-Product-Claims.jpg]
[clyde.studiofreight.com/_next/Clyde-Claims-Hero21c40.jpg]
[clyde.studiofreight.com/_next/Claims-01caec.png]
[clyde.studiofreight.com/_next/Claims-02290a7.jpg]
[clyde.studiofreight.com/_next/Claims-03288a7.jpg]
[clyde.studiofreight.com/_next/Claims-042cdbf.jpg]
[clyde.studiofreight.com/_next/01aj355f.png]
[clyde.studiofreight.com/_next/01b3776.png]
[clyde.studiofreight.com/_next/01cb57eb.jpg]
[clyde.studiofreight.com/resolution.html]
[images.ctfassets.net/erlrc80rfj1z/4vHQq1GWN3D8E0Oogly7vp/4e484b7e2b1066fd4ac0f0ced54e648d/Clyde_OG-Blog.jpg]
[clyde.studiofreight.com/_next/static/chunks/pages/blog-a39d2ee5b5539587.js]
[clyde.studiofreight.com/_next/static/css/e7f8907bf20d3689.css]
[clyde.studiofreight.com/blog/grow-direct-to-consumer-revenue-by-offering-product-protection.html]
[clyde.studiofreight.com/_next/11_Clyde-Blog-grow-direct-to-consumer-revenue-by-offering-product-protection0cd2.jpg]
[clyde.studiofreight.com/blog/how-to-market-to-new-audiences-and-segment-them-with-first-party-data.html]
[clyde.studiofreight.com/_next/Clyde-Blog-Gaining_new_marketing_audiencesddd1.jpg]
[clyde.studiofreight.com/blog/4-ways-merchants-can-drive-authentic-connections-with-customers-holiday.html]
[clyde.studiofreight.com/_next/Clyde-Blog-4-ways-merchants-drive-connections-for-holidays3757.jpg]
[clyde.studiofreight.com/blog/why-applecare-has-been-so-successful-and-what-you-can-learn-from-that.html]
[clyde.studiofreight.com/_next/Clyde-Blog-AppleCare5885.jpg]
[clyde.studiofreight.com/blog/accidental-damage-coverage-what-is-it-why-customers-want-it-and-how-it-works.html]
[clyde.studiofreight.com/_next/Clyde-Blog-Accidental_Damage_Coverage28b8.jpg]
[clyde.studiofreight.com/blog/embracing-a-more-sustainable-future-and-how-a-repair-program-can-help.html]
[clyde.studiofreight.com/_next/Clyde-Blog-Embracing-Sustainability-1f02b.png]
[clyde.studiofreight.com/blog/how-brands-are-prepping-for-bfcm-black-friday-cyber-monday-in-2022-3-trends.html]
[clyde.studiofreight.com/_next/How_Brands_Are_Prepping_For_BFCMb68e.png]
[clyde.studiofreight.com/blog/5-challenges-and-3-easy-wins-how-brands-can-stay-ahead-in-the-current.html]
[clyde.studiofreight.com/_next/Clyde-Blog-How-Brands-Stay-Ahead-Of-Economic-Woes3256.png]
[clyde.studiofreight.com/blog/why-warranties-are-about-customer-love-not-fear.html]
[clyde.studiofreight.com/_next/Clyde-Blog-Warranties-Are-About-Customer-Love147c.png]
[clyde.studiofreight.com/blog/how-to-gather-customer-data-and-feedback.html]
[clyde.studiofreight.com/_next/Clyde-Blog-Gathering-Customer-Datae0be.png]
[clyde.studiofreight.com/blog/how-supply-chain-constraints-are-driving-innovation-in-product-delivery-and-issue-resolution.html]
[clyde.studiofreight.com/_next/Clyde-Supply-chain-issues-drive-innovation-blog6ba5.png]
[clyde.studiofreight.com/blog/whats-ownership-enrichment-and-why-does-it-matter.html]
[clyde.studiofreight.com/_next/Clyde-Blog-Whats-Ownership-Enrichmentb606.png]
[clyde.studiofreight.com/blog/3-must-haves-for-a-successful-loyalty-program-tiering-product-protection-and.html]
[clyde.studiofreight.com/_next/Clyde-Blog-Successful-Loyalty-Programse1fe.png]
[clyde.studiofreight.com/blog.html]
[images.ctfassets.net/syqy9de2od1s/6g4FPLV4ZLcz5PrPigfLh4/5f31ec1d5148f51bf4cd64c8a3df9e90/Clyde_OG-Customers.jpg]
[clyde.studiofreight.com/_next/static/chunks/pages/customers-bd55d404a58248b7.js]
[clyde.studiofreight.com/_next/static/css/5a960d212a5fc452.css]
[clyde.studiofreight.com/case-study/movado.html]
[clyde.studiofreight.com/_next/Movado-Thumbnail-Opt-1f059.png]
[clyde.studiofreight.com/case-study/evo-gimbals.html]
[clyde.studiofreight.com/_next/Clyde-EVOGimbals-02ff99.jpg]
[clyde.studiofreight.com/customers.html]
[images.ctfassets.net/syqy9de2od1s/1NBWSaYS7IFP1nKjUHqACx/1167c19a7432718763f889ce09b64eef/Clyde_OG-Partnerships.jpg]
[clyde.studiofreight.com/_next/static/chunks/pages/partnerships-5f85e350ba5ecebe.js]
[clyde.studiofreight.com/_next/static/css/799a3a6558a0c15d.css]
[clyde.studiofreight.com/_next/Movado-Hero-Image__1_e895.png]
[clyde.studiofreight.com/_next/Clyde-Program-Icon-029aed.png]
[clyde.studiofreight.com/_next/Clyde-Program-Icon-03025c.png]
[clyde.studiofreight.com/_next/Clyde-Program-Icon-044c0d.png]
[clyde.studiofreight.com/_next/Clyde-Integration-01d3d4.jpg]
[clyde.studiofreight.com/_next/Clyde-Integration-02e666.jpg]
[clyde.studiofreight.com/_next/Clyde-Integration-031a71.jpg]
[clyde.studiofreight.com/_next/Frame_10081_1__1_144b.jpg]
[clyde.studiofreight.com/partnerships.html]
[dash.partnerstack.com/clyde.html]
[cdn.readme.io/public/js/force-firefox-anchor-jump5f6f.js]
[unpkg.com/cash-dom@8.1.2/dist/cash.min.js]
[cdn.readme.io/public/js/runtime.9e78a8796bf333cd5615.js]
[cdn.readme.io/public/hub/web/routes-PageNotFound.1ada8671884e2a5b981e.css]
[cdn.readme.io/public/hub/web/routes-Changelog.cad5bec3c55393966d1b.css]
[cdn.readme.io/public/hub/web/Footer.ce31c64f1a0ffb7d435e.css]
[cdn.readme.io/public/hub/web/routes-GraphQL.e64de9e1336bea2c8359.css]
[cdn.readme.io/public/hub/web/SuperHub.1af5b31be7f78595ab6a.css]
[cdn.readme.io/public/hub/web/routes-Discuss.188926678170117f9a58.css]
[cdn.readme.io/public/hub/web/routes-Logs.10b981f03fbd21ea14d8.css]
[cdn.readme.io/public/hub/web/Header.89a2384b543f594c037c.css]
[cdn.readme.io/public/hub/web/routes-Doc-SuperHubEditor.62eb724cfcf36f6ff979.css]
[cdn.readme.io/public/hub/web/5237.f0f65f85c3068d7f49cc.css]
[cdn.readme.io/public/hub/web/routes-Landing.bdff7e649eb6babb416e.css]
[cdn.readme.io/public/hub/web/routes-Doc.8694498f51565b295b14.css]
[cdn.readme.io/public/hub/web/3435.f8449f56966dc3114c6f.css]
[cdn.readme.io/public/hub/web/routes-Reference.800f068e194f6cbe82bf.css]
[cdn.readme.io/public/hub/web/7552.a5400af8fab195c8b6a2.css]
[cdn.readme.io/public/hub/web/3257.223483228944356f3ee1.css]
[cdn.readme.io/public/hub/web/810.b5f129526fc82ce57cac.css]
[cdn.readme.io/public/hub/web/New.a5ddcc4906f19eb89f15.css]
[cdn.readme.io/public/hub/web/Post.34f3822b0ab6cfefa0bc.css]
[cdn.readme.io/public/hub/web/Page.29330b9a37a5b2f9ae85.css]
[cdn.readme.io/public/hub/web/Editor.2b0ea2c888fecfd1ddde.css]
[cdn.readme.io/public/hub/web/List.4182c8122b1d7f67e908.css]
[cdn.readme.io/public/hub/web/main.3f4ed9ef7e8b221de43c.css]
[cdn.readme.io/public/hub/web/main.9b398a255f9db3c43513.js]
[cdn.readme.io/public/hub/web/9847.4e78e9f8c71d9d23e8a1.js]
[cdn.readme.io/public/hub/web/2831.5448d676a91763ae8c08.js]
[cdn.readme.io/public/hub/web/SuperHub.af76dc0122c310351cad.js]
[cdn.readme.io/public/hub/web/7714.17456cfb867dbf0dfd22.js]
[cdn.readme.io/public/hub/web/7579.ea6e836340818db760b2.js]
[cdn.readme.io/public/hub/web/7675.426fcc3240fdad06e272.js]
[cdn.readme.io/public/hub/web/5833.5615b3deda41dd7cacb9.js]
[cdn.readme.io/public/hub/web/16.aa62bc5a22e954dfa1bd.js]
[cdn.readme.io/public/hub/web/3257.ff02ab42b549bcfd24ce.js]
[cdn.readme.io/public/hub/web/7552.4eb84c78a117f55b5ebd.js]
[cdn.readme.io/public/hub/web/Header.2064d35084317e2c3dc9.js]
[cdn.readme.io/public/hub/web/2680.73b227dccdf2da6688d6.js]
[cdn.readme.io/public/hub/web/6116.c8aba481e49c72e3f71b.js]
[cdn.readme.io/public/hub/web/4184.16e87bef72ab0430603e.js]
[cdn.readme.io/public/hub/web/6230.6c0aa24d259553bc396c.js]
[cdn.readme.io/public/hub/web/4923.9a131223e8f8a7063149.js]
[cdn.readme.io/public/hub/web/6683.2e39c459b33e86fd12e5.js]
[cdn.readme.io/public/hub/web/routes-Doc.2fe69bfcea6ddfb9a12a.js]
[cdn.readme.io/public/hub/web/Footer.ba5c16c8581e2191d820.js]
[cdn.readme.io/public/hub/web/core-icons-arrow-up-right-svg.957c5be2eea3961b4701.js]
[cdn.readme.io/public/hub/web/core-icons-arrow-right-svg.1e7f2192b7bda6b4a5e1.js]
[cdn.readme.io/public/hub/web/routes-PageNotFound.c08f308f699d39f4fa3b.js]
[cdn.readme.io/public/hub/web/9010.4139618a98c878ee1b2e.js]
[cdn.readme.io/public/hub/web/1730.9f51d54902f6e161ba93.js]
[cdn.readme.io/public/hub/web/2926.768f97e2c84c704f4d01.js]
[cdn.readme.io/public/hub/web/routes-Landing.840e2535c7d59a0e91e5.js]
[cdn.readme.io/public/hub/web/2053.9a1bcec1903de810e401.js]
[cdn.readme.io/public/hub/web/3393.47b4a9475561038af5df.js]
[cdn.readme.io/public/hub/web/routes-Discuss.020068298ca6ed2f0893.js]
[cdn.readme.io/public/hub/web/1665.3273fa4556ff4f53d6c8.js]
[cdn.readme.io/public/hub/web/5858.e8e174469b512aca76c8.js]
[cdn.readme.io/public/hub/web/5237.c3fad8a64835c32be4c5.js]
[cdn.readme.io/public/hub/web/4141.880ef02ba023cd9f8f53.js]
[cdn.readme.io/public/hub/web/List.98574b26cbf22b0ab671.js]
[cdn.readme.io/public/hub/web/core-icons-star-svg.b4e382f3c0a9bfe7faa8.js]
[cdn.readme.io/public/hub/web/core-icons-trending-up-svg.b09fd55fdbf98ea428b4.js]
[cdn.readme.io/public/hub/web/core-icons-callout-info-svg.991471218275384a0302.js]
[cdn.readme.io/public/hub/web/9509.3c88e51814cfcd51ae64.js]
[cdn.readme.io/public/hub/web/6215.3aa915a0a218a7344ffe.js]
[cdn.readme.io/public/hub/web/routes-Reference.214af24690dbec1717f9.js]
[cdn.readme.io/public/hub/web/core-icons-more-vertical-svg.228db57c23169aaa56d6.js]
[cdn.readme.io/public/hub/web/5691.d94bc36472e94ca86d34.js]
[cdn.readme.io/public/hub/web/Editor.07dfa90102f90df883fd.js]
[cdn.readme.io/public/hub/web/core-icons-x-circle-svg.1253cc725f6ab78a786d.js]
[cdn.readme.io/public/hub/web/core-icons-suggested-edits-svg.93755393eff5d50dda67.js]
[cdn.readme.io/public/hub/web/core-icons-menu-svg.b9a5673111bcd429344f.js]
[cdn.readme.io/public/hub/web/core-icons-chevron-down-svg.09fdf86b58640880691c.js]
[cdn.readme.io/public/hub/web/CustomPage.9dc25d4d0248b160ff3d.js]
[cdn.readme.io/public/hub/web/routes-Tutorials.181e052f222cbb1437f4.js]
[cdn.readme.io/public/hub/web/routes-Changelog.8f20be11b26368526f90.js]
[cdn.readme.io/public/hub/web/1414.bdc73cf15ce3c740cc9d.js]
[cdn.readme.io/public/hub/web/Page.1979312aae3b7c6975eb.js]
[cdn.readme.io/public/hub/web/Post.d94293d2bccc7e8cca90.js]
[cdn.readme.io/public/hub/web/routes-CustomPage.5cf0ed57308797a98bf4.js]
[cdn.readme.io/public/hub/web/core-icons-key-svg.1832e12a64afa7e249a9.js]
[cdn.readme.io/public/hub/web/New.806ac08bc9a253c7dd56.js]
[cdn.readme.io/public/hub/web/routes-Doc-SuperHubEditor.454f1601c67f5a6b305a.js]
[cdn.readme.io/public/hub/web/7995.cdb7f8ee3573d70af3c4.js]
[cdn.readme.io/public/hub/web/routes-Logs.7befeeb12628b9ca563e.js]
[cdn.readme.io/public/hub/web/1491.32a06ad23e456c82bfeb.js]
[cdn.readme.io/public/hub/web/routes-GraphQL.437b9b2ecdba2ddd9f46.js]
[docs.joinclyde.com/docs.html]
[apis.google.com/js/platform.js]
[www.hiclyde.com/manifest.json]
[cdnjs.cloudflare.com/ajax/libs/slick-carousel/1.6.0/slick.min.css]
[cdnjs.cloudflare.com/ajax/libs/slick-carousel/1.6.0/slick-theme.min.css]
[maxcdn.bootstrapcdn.com/bootstrap/4.0.0/css/bootstrap.min.css]
[www.hiclyde.com/env-config.js]
[cdn.plaid.com/link/v2/stable/link-initialize.js]
[www.hiclyde.com/static/js/main.26b24989.js]
[www.hiclyde.com/index.html]
[www.googletagmanager.com/gtm6511.js]
[app.joinclyde.com/manifest.json]
[app.joinclyde.com/images/Clyde-Favicon.ico]
[app.joinclyde.com/env-config.js]
[app.joinclyde.com/static/js/2.6d46f999.chunk.js]
[app.joinclyde.com/static/js/main.8dcf83b8.chunk.js]
[app.joinclyde.com/login.html]
[images.ctfassets.net/syqy9de2od1s/5R4vpDC0eMXJBGYu2Mrbyx/efe5d3ecbcddc02d1708ad700673ea58/Clyde_OG-Demo.jpg]
[clyde.studiofreight.com/connect.html]
[images.ctfassets.net/syqy9de2od1s/2f3A9uYZlOOG2mH2BSCN4v/ec1fd1f94f0ae1fe81f10a5d17f7b0ce/shark.svg]
[images.ctfassets.net/syqy9de2od1s/2IEN7J7jVA6NSjZy3ff8XO/78ae9195be04f9c7ee5533d9a4d59ffe/marshall.svg]
[images.ctfassets.net/syqy9de2od1s/3LaYhGUXe9ZSNzYWtSkI2h/16b799d51e1ed804f58f6b22546346cc/tempo.svg]
[images.ctfassets.net/syqy9de2od1s/CXUby68NcAdfYOd0VffCl/6bbf21b2a4dc24b7235a1ce63e82fa37/bugaboo.svg]
[images.ctfassets.net/syqy9de2od1s/3f0KUCzZsUKgjBTtz2cp0h/13183cb40ce40784d1908538b4c7e135/raycon.svg]
[images.ctfassets.net/syqy9de2od1s/5z8L1NbkVzMtpw6Vl7cZhY/eb6d81741547361d13fcb9944ae09fbe/windmill.svg]
[images.ctfassets.net/syqy9de2od1s/BneqA6j6bYgj8J6MCAVL1/8843d921f43c838b8c2d196995e8fcae/lull.svg]
[clyde.studiofreight.com/_next/static/chunks/pages/case-study/[slug]-83be0be26acbe83b.js]
[clyde.studiofreight.com/_next/static/css/fd9ea69a86d62f22.css]
[clyde.studiofreight.com/_next/Clyde-Lull-Hero44b5.png]
[clyde.studiofreight.com/_next/Lull-Case-Study-Image-v2-2xba8d.png]
[clyde.studiofreight.com/_next/Clyde-Outcome_02818a.png]
[clyde.studiofreight.com/_next/Clyde-Outcome_03401a.png]
[clyde.studiofreight.com/case-study/lull.html]
[images.ctfassets.net/syqy9de2od1s/121Nil9Mi4xQr9SkJcLh7G/4e323f1fbfc7ee589933da020d8c4e79/senville.svg]
[clyde.studiofreight.com/_next/Clyde-Senville-Hero5c24.png]
[clyde.studiofreight.com/_next/Clyde-Senville-0204fc.jpg]
[clyde.studiofreight.com/_next/Client-0452c9.jpg]
[clyde.studiofreight.com/_next/Clyde-Outcome_011c1e.png]
[clyde.studiofreight.com/_next/Clyde-Senville-CaseStudy-InAction-Image18a9.png]
[clyde.studiofreight.com/case-study/senville.html]
[images.ctfassets.net/syqy9de2od1s/2MORO2X5qbQKwziAtz03Am/81ea8aa5d152deec985b63b91f31decf/Liteboxer-Logo-Black.svg]
[clyde.studiofreight.com/_next/Frame_88056273.png]
[clyde.studiofreight.com/_next/Liteboxer-Thumbnail-Opt-1__1_c533.png]
[images.ctfassets.net/syqy9de2od1s/4R1bnu267AePAZsWVqDTVZ/e9aaf407a0020047230234fc58cf1b11/Liteboxer-Logo-LtGray.png]
[clyde.studiofreight.com/_next/Liteboxer-Solution-Image01ee.png]
[clyde.studiofreight.com/_next/Dark-Shield-Icondf31.png]
[clyde.studiofreight.com/_next/Dark-Target-Iconac50.png]
[images.ctfassets.net/syqy9de2od1s/75J6Tu2LWqXekCkAtaol9X/4e9ed2d29894c69a452478560774fd12/Liteboxer-Logo-LtGray.png]
[clyde.studiofreight.com/case-study/liteboxer.html]
[images.ctfassets.net/syqy9de2od1s/2NzuEBcus5I8jLRGY6GJuo/0396b6e4409c62cf2858b45b8dab51e2/Clyde-Logo-TuftNeedle-Black.svg]
[www.w3.org/2000/svg.html]
[dash.partnerstack.com/favicon.png]
[static.ada.support/embed2.js]
[dash.partnerstack.com/assets/index-fa7f70b9.js]
[dash.partnerstack.com/assets/index-f47aff7f.css]
[dash.partnerstack.com/applicationf0f4.html]
[dash.partnerstack.com/handshake47ec.html]
[unpkg.com/focus-visible@5.2.0/dist/focus-visible.min.js]
[images.ctfassets.net/syqy9de2od1s/1XMBaBAlhzdtATg7utPQm8/ec442ef2622ab6e786fbc712eaaa1217/Clyde_OG-About.jpg]
[clyde.studiofreight.com/_next/static/chunks/371-c464ec1ac6413938.js]
[clyde.studiofreight.com/_next/static/chunks/pages/about-6e30935a3632ebd2.js]
[clyde.studiofreight.com/_next/static/css/6c315dfc7c865744.css]
[clyde.studiofreight.com/_next/Clyde-About-01b5e5.jpg]
[clyde.studiofreight.com/_next/Clyde-About-027b9f.jpg]
[clyde.studiofreight.com/_next/Clyde-Investor-01f588.jpg]
[clyde.studiofreight.com/_next/Clyde-Investor-033b47.jpg]
[clyde.studiofreight.com/_next/Clyde-Investor-0441f4.jpg]
[clyde.studiofreight.com/_next/Clyde-Investor-051a7f.jpg]
[clyde.studiofreight.com/_next/Clyde-Investor-063e2a.jpg]
[clyde.studiofreight.com/_next/Clyde-Investor-072d6a.jpg]
[clyde.studiofreight.com/_next/Clyde-Investor-122948.jpg]
[clyde.studiofreight.com/_next/Clyde-Investor-081368.jpg]
[clyde.studiofreight.com/_next/Clyde-Investor-09b739.jpg]
[clyde.studiofreight.com/_next/Clyde-Investor-1072f5.jpg]
[clyde.studiofreight.com/_next/Clyde-Investor-11bcbb.jpg]
[clyde.studiofreight.com/_next/Clyde-Investor-166e5b.jpg]
[clyde.studiofreight.com/_next/Clyde-Investor-1505b0.jpg]
[clyde.studiofreight.com/_next/Clyde-Investor-14805f.jpg]
[clyde.studiofreight.com/_next/Clyde-Investor-1379b0.jpg]
[clyde.studiofreight.com/_next/Clyde-Press-Pymntsb5d7.jpg]
[clyde.studiofreight.com/_next/Clyde-Press-BuiltNYCbfd8.jpg]
[clyde.studiofreight.com/_next/Clyde-Press-AlleyWatch4fc7.jpg]
[clyde.studiofreight.com/_next/Clyde-Press-Fortunedfb3.jpg]
[clyde.studiofreight.com/_next/Client-06f18e.jpg]
[clyde.studiofreight.com/about.html]
[images.ctfassets.net/syqy9de2od1s/5JwYYMo2uESfqHF3j14Rnz/351c0ddc0406f1919c5f6c6be92153d7/Clyde_OG-Careers.jpg]
[clyde.studiofreight.com/_next/static/chunks/pages/careers-bc9a323e64e016ef.js]
[clyde.studiofreight.com/_next/static/css/209b44edaa10c061.css]
[clyde.studiofreight.com/_next/Clyde-IntroImage44e7.png]
[clyde.studiofreight.com/_next/Clyde-Principles-013c5e.jpg]
[clyde.studiofreight.com/_next/Clyde-Principles-02d763.jpg]
[clyde.studiofreight.com/_next/Clyde-Principles-04655d.jpg]
[clyde.studiofreight.com/_next/Clyde-Principles-05788b.jpg]
[clyde.studiofreight.com/careers.html]
[status.joinclyde.com/assets/css/app.mincfe4.css]
[userfiles.uptimerobot.com/img/853693-1649096959.png]
[status.joinclyde.com/assets/symbol-defs.svg]
[status.joinclyde.com/assets/sounds/notification.mp3]
[status.joinclyde.com/assets/js/lib/jquery-3.3.1.min.js]
[status.joinclyde.com/assets/js/lib/uikit.min.js]
[status.joinclyde.com/assets/js/lib/svgxuse.js]
[status.joinclyde.com/assets/js/lib/favico.min.js]
[status.joinclyde.com/assets/js/lib/purify.min.js]
[status.joinclyde.com/assets/js/common.mincfe4.js]
[status.joinclyde.com/index.html]
[status.joinclyde.com/assets/js/home.mincfe4.js]
[clyde.studiofreight.com/_next/static/chunks/pages/legal/[slug]-90392cb720944025.js]
[clyde.studiofreight.com/_next/static/css/5275fae23067085d.css]
[clyde.studiofreight.com/legal/terms-of-use.html]
[clyde.studiofreight.com/legal/privacy-policy.html]
[clyde.studiofreight.com/legal/opt-out-guide.html]
[clyde.studiofreight.com/legal/data-privacy.html]
[clyde.studiofreight.com/_next/static/css/080b1bff94c6d751.css]
[clyde.studiofreight.com/_next/static/css/3f566a749ffa080a.css]
[clyde.studiofreight.com/legal/subprocessors.html]
[clyde.studiofreight.com/_next/static/chunks/pages/blog/[slug]-b94731580c3eaeed.js]
[clyde.studiofreight.com/_next/static/css/cad8d4b112c446b2.css]
[clyde.studiofreight.com/_next/See_through_remote_eyes_and_revolutionize___Sports_events6193.jpg]
[clyde.studiofreight.com/_next/AUTODESK7153.jpg]
[clyde.studiofreight.com/_next/Sydney_to_Melbourne_MANAGE315f.jpg]
[clyde.studiofreight.com/_next/Clyde-Author-Katherine-Plumhoff713f.jpg]
[clyde.studiofreight.com/blog/streamlining-customer-experience-with-gorgias-and-clyde.html]
[clyde.studiofreight.com/_next/Clyde_and_Gorgias_Integration_Announcement-Dark0b7a.jpg]
[clyde.studiofreight.com/blog/why-and-how-extended-warranties-can-attract-better-customers-that-stay.html]
[clyde.studiofreight.com/_next/Clyde-Extended-Warranties-Attract-Better-Customers-Blogc337.png]
[clyde.studiofreight.com/blog/leveraging-email-marketing-to-increase-customer-ltv.html]
[clyde.studiofreight.com/_next/Smartsites-Blog-Recapf5d7.jpg]
[clyde.studiofreight.com/blog/guide-to-ecommerce-payment-processing-8-payment-processing-options-for-your-store.html]
[clyde.studiofreight.com/_next/Clyde-Blog-Guide-to-eCommerce-Payment-Processingeeb1.jpg]
[clyde.studiofreight.com/blog/walking-the-roadmap-with-hawke-medias-ashley-scorpio.html]
[clyde.studiofreight.com/_next/09_Clyde-Blog-walking-the-roadmap-with-hawke-medias-ashley-scorpio7ae9.jpg]
[clyde.studiofreight.com/blog/partner-spotlight-katapult-copy-2.html]
[clyde.studiofreight.com/_next/Partner_Spotlight__Katapult_s_Lease_To_Own_Financing_Unlocking_A_Host_Of_New_Consumers_Copy_268c5.png]
[clyde.studiofreight.com/blog/what-you-should-know-about-product-protection-plans.html]
[clyde.studiofreight.com/_next/18_Clyde-Blog-what-you-should-know-about-product-protection-plans0dec.jpg]
[clyde.studiofreight.com/blog/how-product-protection-increases-customer-ltv-and-drives-loyalty.html]
[clyde.studiofreight.com/_next/How_Product_Protection_Increases_Customer_LTV_and_Drives_Loyaltycc0e.jpg]
[clyde.studiofreight.com/blog/everything-smbs-need-to-know-about-warranty-programs-a-q-a-with-clydes-pam-schneider.html]
[clyde.studiofreight.com/_next/Everything_SMBs_Need_to_Know_About_Warranty_Programs__A_Q_A_with_Clyde_s_Pam_Schneider96a2.png]
[clyde.studiofreight.com/blog/livestream-shopping.html]
[clyde.studiofreight.com/_next/livestream_shoppingeff8.png]
[clyde.studiofreight.com/blog/bigcommerce-warranty-management.html]
[clyde.studiofreight.com/_next/How_to_Manage_Warranties_With_BigCommerce4f22.jpg]
[clyde.studiofreight.com/blog/how-to-manage-warranties-with-magento.html]
[clyde.studiofreight.com/_next/How_To_Manage_Warranties_With_Magentoebd5.jpg]
[clyde.studiofreight.com/blog/a-moving-target-the-world-of-ctas.html]
[clyde.studiofreight.com/_next/A_Moving_Target__The_World_Of_CTAsd0bd.jpg]
[clyde.studiofreight.com/blog/grinding-to-the-top-one-on-one-with-thomas-fields.html]
[clyde.studiofreight.com/_next/Grinding_To_The_Top__One-On-One_With_Thomas_Fields7eb3.jpg]
[clyde.studiofreight.com/blog/behind-clyde-meet-travis-amiel.html]
[clyde.studiofreight.com/_next/Behind_Clyde__Meet_Travis_Amielb8af.png]
[clyde.studiofreight.com/blog/are-warranties-the-new-one-day-shipping.html]
[clyde.studiofreight.com/_next/Are_Warranties_The_New_One-Day_Shippingbc81.png]
[clyde.studiofreight.com/blog/consumer-electronics-holiday-gift-guide-our-16-top-picks.html]
[clyde.studiofreight.com/_next/Consumer_Electronics_Holiday_Gift_Guide__Our_16_Top_Picks04f5.png]
[clyde.studiofreight.com/blog/how-to-grow-average-order-value-post-purchase.html]
[clyde.studiofreight.com/_next/How_to_Grow_Average_Order_Value_Post-Purchase5740.png]
[clyde.studiofreight.com/blog/how-warranty-claims-management-is-becoming-more-customer-centric.html]
[clyde.studiofreight.com/_next/How_Warranty_Claims_Management_Is_Becoming_More_Customer-Centric458b.png]
[clyde.studiofreight.com/blog/6-essential-salesforce-commerce-cloud-apps-and-integrations.html]
[clyde.studiofreight.com/_next/6_Essential_Salesforce_Commerce_Cloud_Apps_and_Integrations501e.png]
[clyde.studiofreight.com/blog/10-ways-for-retailers-to-improve-customer-lifetime-value-ltv-clv.html]
[clyde.studiofreight.com/_next/5f85a8f1c753657e08888bdf_Clyde_Visual_Exploration-0236ec.png]
[clyde.studiofreight.com/blog/how-democratizing-data-drives-ecommerce-teams-forward.html]
[clyde.studiofreight.com/_next/How_Democratizing_Data_Drives_eCommerce_Teams_Forward6618.png]
[clyde.studiofreight.com/blog/4-things-ecommerce-retailers-should-think-about-for-2020-holiday-shopping.html]
[clyde.studiofreight.com/_next/4_Things_eCommerce_Retailers_Should_Think_About_For_2020_Holiday_Shopping90c6.png]
[clyde.studiofreight.com/blog/3-coronavirus-ecommerce-trends-that-might-be-here-to-stay-and-3-that-probably-wont-be.html]
[clyde.studiofreight.com/_next/3_coronavirus_ecommerce_trends_that_might_be_here_to_stay__and_3_that_probably_won_t_be_3e93.png]
[clyde.studiofreight.com/blog/why-flexibility-is-the-key-to-successful-extended-warranty-claims-management.html]
[clyde.studiofreight.com/_next/Why_Flexibility_is_the_Key_to_Successful_Extended_Warranty_Claims_Management85a1.png]
[clyde.studiofreight.com/blog/commerce-chats-kate-albers.html]
[clyde.studiofreight.com/_next/Commerce_Chats__Kate_Albersccf3.png]
[clyde.studiofreight.com/blog/5-e-commerce-technologies-to-implement-today.html]
[clyde.studiofreight.com/_next/5_e-commerce_technologies_to_implement_today35e1.png]
[clyde.studiofreight.com/blog/how-to-talk-to-your-customers-about-product-protection.html]
[clyde.studiofreight.com/_next/How_to_Talk_to_Your_Customers_About_Product_Protection95df.jpg]
[clyde.studiofreight.com/_next/How_Retailers_Compete_Against_Amazon_with_Great_Customer_Experience30bf.png]
[clyde.studiofreight.com/blog/adapting-digital-first-marketing-funnels-to-improve-conversion.html]
[clyde.studiofreight.com/_next/Adapting_Digital-First_Marketing_Funnels_to_Improve_Conversionf702.png]
[clyde.studiofreight.com/blog/out-of-the-box-balmuda.html]
[clyde.studiofreight.com/_next/Out_of_the_Box__Balmuda775a.png]
[clyde.studiofreight.com/blog/the-metrics-that-matter.html]
[clyde.studiofreight.com/_next/The_Metrics_that_Matterbaa2.jpg]
[clyde.studiofreight.com/blog/increasing-aov-with-magento.html]
[clyde.studiofreight.com/_next/Increasing_Ecommerce_Average_Order_Value__AOV__with_Magento8a37.png]
[clyde.studiofreight.com/blog/how-product-protection-builds-retail-success.html]
[clyde.studiofreight.com/_next/How_Product_Protection_Builds_Retail_Successdce1.png]
[clyde.studiofreight.com/_next/7_Things_to_Consider_when_Evaluating_an_Extended_Warranty_Programe28e.jpg]
[clyde.studiofreight.com/_next/The_ins_and_outs_of_warranties_and_product_protectione294.jpg]
[clyde.studiofreight.com/_next/Increasing_Your_Store_s_Margin_and_Average_Order_Value4fbd.png]
[clyde.studiofreight.com/blog/the-zappos-customer-service-model.html]
[clyde.studiofreight.com/_next/Clyde-Zapposc07a.jpg]
[clyde.studiofreight.com/_next/The_Next_Wave_of_eCommerce_Customer_Servicec1b4.jpg]
[clyde.studiofreight.com/blog/how-these-4-brands-are-raising-the-bar-on-customer-experience.html]
[twitter.com/dcgrodz/status/1573281650586386433.1f7.delayed]
[clyde.studiofreight.com/_next/Revolution_Year_Information07d9.jpg]
[clyde.studiofreight.com/_next/figure_5f96e.jpg]
[clyde.studiofreight.com/blog/what-industry-4-0-means-for-retail-and-what-two-areas-you-should-invest-in.html]
[clyde.studiofreight.com/_next/Clyde-Author-Maddie-Buras-Headshotf94c.jpg]
[clyde.studiofreight.com/blog/clyde-named-one-of-insurtechs-most-innovative-insurtech-startups.html]
[clyde.studiofreight.com/_next/Clyde-Blog-Insurtech-50da40.png]
[clyde.studiofreight.com/blog/clyde-certified-as-a-shopify-plus-app.html]
[clyde.studiofreight.com/_next/Clyde-ShopifyPlus-Announcement-Blog-Post71d4.jpg]
[clyde.studiofreight.com/blog/the-next-evolution-of-customer-connection-ownership.html]
[clyde.studiofreight.com/_next/01_Clyde-Blog-Launch-Announcement4ff6.jpg]
[clyde.studiofreight.com/blog/the-clyde-ecommerce-conversation-february-25.html]
[clyde.studiofreight.com/_next/05_Clyde-Blog-the-clyde-ecommerce-conversation-february-253c31.jpg]
[clyde.studiofreight.com/blog/partner-spotlight-hawke-media-perfecting-the-outsourced-cmo-model.html]
[clyde.studiofreight.com/_next/12_Clyde-Blog-partner-spotlight-hawke-media-perfecting-the-outsourced-cmo-modelac05.jpg]
[clyde.studiofreight.com/blog/the-clyde-ecommerce-conversation-january-12.html]
[clyde.studiofreight.com/_next/15_Clyde-Blog-the-clyde-ecommerce-conversation-january-126617.jpg]
[clyde.studiofreight.com/blog/5-holiday-shopping-trends-for-the-upcoming-2021-season.html]
[clyde.studiofreight.com/_next/20_Clyde-Blog-5-holiday-shopping-trends-for-the-upcoming-2021-season46b5.jpg]
[clyde.studiofreight.com/blog/walking-the-roadmap-with-carthooks-lucy-burningham.html]
[clyde.studiofreight.com/_next/Walking_The_Roadmap_With_Carthook_s_Lucy_Burninghamcaf4.png]
[clyde.studiofreight.com/blog/the-clyde-ecommerce-conversation-november-22.html]
[clyde.studiofreight.com/_next/6130e4390a1c4965babe6807_eCommerce-20Weekly-20Update-201c83b.jpg]
[clyde.studiofreight.com/blog/25-brands-offering-lifetime-warranties-and-guarantees-that-your-business-can-aspire-to.html]
[clyde.studiofreight.com/_next/Clyde-Blog-FPO-Herodae9.jpg]
[clyde.studiofreight.com/blog/walking-the-roadmap-with-clydes-ceo-brandon-gell.html]
[clyde.studiofreight.com/_next/Walking_The_Roadmap_With_Clyde_s_CEO_Brandon_Gell8287.png]
[clyde.studiofreight.com/blog/announcing-clydes-41mm-series-b-funding.html]
[clyde.studiofreight.com/_next/Announcing_Clyde_s__41MM_Series_B_Funding1eaf.png]
[clyde.studiofreight.com/blog/the-clyde-ecommerce-conversation-september-28th.html]
[clyde.studiofreight.com/_next/The_Clyde_eCommerce_Conversation__September_28th_63a3.jpg]
[clyde.studiofreight.com/blog/the-clyde-ecommerce-conversation-september-21st.html]
[clyde.studiofreight.com/_next/611d1982349e20ef2e401e76_eCommerce-20Weekly-20Update-205-11487.jpg]
[clyde.studiofreight.com/blog/a-new-holiday-shopping-map-the-future-of-black-friday.html]
[clyde.studiofreight.com/_next/A_New_Holiday_Shopping_Map__The_Future_of_Black_Fridayf4ff.jpg]
[clyde.studiofreight.com/blog/the-clyde-ecommerce-conversation.html]
[clyde.studiofreight.com/_next/The_Clyde_eCommerce_Conversation32c8.jpg]
[clyde.studiofreight.com/blog/your-retailx-chicago-city-guide.html]
[clyde.studiofreight.com/_next/Your_RetailX_Chicago_City_Guidefebe.jpg]
[clyde.studiofreight.com/blog/clyde-achieves-soc-2-certification.html]
[clyde.studiofreight.com/_next/Clyde_Achieves_SOC_2_Certification87f3.jpg]
[clyde.studiofreight.com/blog/juneteenth-celebration.html]
[clyde.studiofreight.com/_next/Juneteenth_Celebrationc818.jpg]
[clyde.studiofreight.com/blog/walking-the-roadmap-with-clydes-vp-of-business-development-and-partnerships.html]
[clyde.studiofreight.com/_next/Walking_The_Roadmap_With_Clyde_s_VP_of_Business_Development_and_Partnershipsf09d.png]
[clyde.studiofreight.com/blog/clydes-partner-program-is-helping-retailers-thoughtfully-scale-their-tech-stacks.html]
[clyde.studiofreight.com/_next/Clyde_s_Partner_Program_Is_Helping_Retailers_Thoughtfully_Scale_Their_Tech_Stacks0589.png]
[clyde.studiofreight.com/blog/clyde-wins-big-at-the-stevie-awards.html]
[clyde.studiofreight.com/_next/Clyde_Wins_Big_at_the_Stevie_Awardsefc1.png]
[clyde.studiofreight.com/blog/why-educated-customers-spend-more-insights-from-capitol-lightings-paul-adams-and-clydes-brandon-gells-etail-roundtable.html]
[clyde.studiofreight.com/_next/Why_Educated_Customers_Spend_More__Insights_from_Capitol_Lighting_s_Paul_Adams_and_Clyde_s_Brandon_Gell_s_eTail_Roundtable8ed2.jpg]
[clyde.studiofreight.com/blog/behind-clyde-meet-dr-monika-heinig.html]
[clyde.studiofreight.com/_next/Behind_Clyde__Meet_Dr8ceb.png]
[clyde.studiofreight.com/blog/walking-the-roadmap.html]
[clyde.studiofreight.com/_next/Walking_The_Roadmapc643.png]
[clyde.studiofreight.com/blog/clydes-executive-power-lunch-with-alibabas-john-caplan.html]
[clyde.studiofreight.com/_next/Clyde_s_Executive_Power_Lunch_With_Alibaba_s_John_Caplan47a9.jpg]
[clyde.studiofreight.com/blog/first-100-days-what-a-biden-presidency-means-for-retailers.html]
[clyde.studiofreight.com/_next/First_100_Days__What_A_Biden_Presidency_Means_For_Retailers17ea.png]
[clyde.studiofreight.com/blog/6-ecommerce-trends-for-2021.html]
[clyde.studiofreight.com/_next/6_eCommerce_Trends_for_20219442.png]
[clyde.studiofreight.com/blog/john-caplan-joins-clydes-board-of-directors.html]
[clyde.studiofreight.com/_next/John_Caplan_Joins_Clyde_s_Board_Of_Directors8ad1.png]
[clyde.studiofreight.com/blog/cyber-week-shatters-record-attachment-rates-trend-higher.html]
[clyde.studiofreight.com/_next/Cyber_Week_Shatters_Records__Attachment_Rates_Trend_Higherf3c8.png]
[clyde.studiofreight.com/blog/clydes-commitment-to-diversity-equity-and-inclusion-a-transparent-update.html]
[clyde.studiofreight.com/_next/Clyde_s_Commitment_to_Diversity__Equity__and_Inclusion__A_Transparent_Update866f.png]
[clyde.studiofreight.com/blog/clyde-and-bigcommerce.html]
[clyde.studiofreight.com/_next/Clyde_and_BigCommerce89f7.png]
[clyde.studiofreight.com/blog/clyde-launches-claims-administration-and-partners-with-asurion-to-deliver-instant-easy-scalable-protection-plan-programs.html]
[clyde.studiofreight.com/_next/Clyde_Launches_Claims_Administration_and_Partners_with_Asurion_to_Deliver_Instant__Easy__Scalable_Protection_Plan_Programsd3e7.png]
[clyde.studiofreight.com/blog/clyde-earns-soc-2-type-ii-attestation.html]
[clyde.studiofreight.com/_next/static/css/e7f8907bf20d3689.css]
[images.ctfassets.net/erlrc80rfj1z/7KmjkiFdNDZtZDINcOwmVP/f449474c711a9135dc1455066c3b5bdd/11_Clyde-Blog-grow-direct-to-consumer-revenue-by-offering-product-protection.jpg]
[clyde.studiofreight.com/blog/warranties-an-ecommerce-counterweight.html]
[clyde.studiofreight.com/_next/03_Clyde-Blog-warranties-an-ecommerce-counterweight10a2.jpg]
[clyde.studiofreight.com/blog/everything-you-need-to-know-about-buy-now-pay-later.html]
[clyde.studiofreight.com/_next/13_Clyde-Blog-everything-you-need-to-know-about-buy-now-pay-laterd15f.jpg]
[clyde.studiofreight.com/blog/9-vital-customer-retention-metrics-and-how-to-measure-each-one.html]
[clyde.studiofreight.com/_next/19_Clyde-Blog-9-vital-customer-retention-metrics-and-how-to-measure-each-onee81f.jpg]
[clyde.studiofreight.com/blog/working-with-clyde-swanwick-is-powering-productivity-and-quality-of-life.html]
[clyde.studiofreight.com/_next/Working_With_Clyde__Swanwick_Is_Powering_Productivity_And_Quality_Of_Life8cc8.jpg]
[clyde.studiofreight.com/blog/walking-the-roadmap-with-saatvas-ricky-joshi.html]
[clyde.studiofreight.com/_next/Walking_The_Roadmap_With_Saatva_s_Ricky_Joshi438b.jpg]
[clyde.studiofreight.com/blog/everything-you-should-know-about-selling-ecommerce-furniture-warranties-in.html]
[clyde.studiofreight.com/_next/609d69b8da5c71051f8121f8_Selling-20Furniture-20Warranties-204b837.jpg]
[clyde.studiofreight.com/blog/the-art-of-the-pop-up.html]
[clyde.studiofreight.com/_next/608806176865753767a61873_pop-20up-20artworked21.jpg]
[clyde.studiofreight.com/blog/how-to-manage-warranties-with-shopify.html]
[clyde.studiofreight.com/_next/How_to_Manage_Warranties_With_Shopify8e4d.jpg]
[clyde.studiofreight.com/blog/a-deep-dive-on-net-promoter-score.html]
[clyde.studiofreight.com/_next/A_Deep_Dive_on_Net_Promoter_Scoredfc7.jpg]
[clyde.studiofreight.com/blog/the-emergence-of-green-consumerism.html]
[clyde.studiofreight.com/_next/The_Emergence_of_Green_Consumerismc5e1.jpg]
[clyde.studiofreight.com/blog/building-loyalty-with-newly-acquired-customers.html]
[clyde.studiofreight.com/_next/Building_Loyalty_with_Newly_Acquired_Customers__Insights_from_The_CommerceNext_Webinar1e47.jpg]
[clyde.studiofreight.com/blog/how-to-cultivate-influencers-and-brand-partnerships.html]
[clyde.studiofreight.com/_next/How_To_Cultivate_Influencers_and_Brand_Partnerships95e4.jpg]
[clyde.studiofreight.com/blog/grow-direct-to-consumer-revenue-by-offering-product-protection.html]
[clyde.studiofreight.com/_next/Figure_17dd0b.jpg]
[clyde.studiofreight.com/blog/how-to-market-to-new-audiences-and-segment-them-with-first-party-data.html]
[clyde.studiofreight.com/_next/EXTENDED_WARRANTY1a03.jpg]
[clyde.studiofreight.com/_next/attitude_of_us_adults88bc.jpg]
[clyde.studiofreight.com/_next/your_state_sucks1ebc.jpg]
[clyde.studiofreight.com/_next/_29_USDe725.jpg]
[clyde.studiofreight.com/_next/_34_USDd9b3.jpg]
[clyde.studiofreight.com/_next/Sf52Wnqj9eMztacqJgQM7AyYKVq2YoVZAEwVoH9Cnuu_lSQEAdsyy26z0_9q-a2NeGssoLzo4G9dE-VzpI63HPIcZO0HF1LeyUHN0YCmSTY5xSFa7ZEygaLRDFnIc245.jpg]
[clyde.studiofreight.com/_next/NIGHT_IN6f5d.jpg]
[clyde.studiofreight.com/_next/SUR_LA_TABLE_COOKING_CLASSES5597.jpg]
[clyde.studiofreight.com/blog/4-ways-merchants-can-drive-authentic-connections-with-customers-holiday.html]
[clyde.studiofreight.com/_next/The_following_service_fees_apply_to_each_Service_Event3c71.jpg]
[clyde.studiofreight.com/_next/no_problemb2a6.jpg]
[clyde.studiofreight.com/_next/iuhE1oAM5V08-9l1vAX--VBH_TeXi9zR8Z3Mr6sTVN9Iyw0Yui0E97T6tZB-ncwyzNSLP_h9CnUAz6aMN3Vm0pzuLsR3Z13ayGceDmIVcekej3JC6MKpJuKSGr1B60b3.jpg]
[clyde.studiofreight.com/blog/why-applecare-has-been-so-successful-and-what-you-can-learn-from-that.html]
[clyde.studiofreight.com/_next/Extended-vs-ADH-Chart3774.png]
[clyde.studiofreight.com/blog/the-best-of-both-worlds-how-to-make-the-most-of-selling-on-third-party.html]
[clyde.studiofreight.com/_next/Clyde-Selling-on-third-party-Blog__1_5960.png]
[clyde.studiofreight.com/blog/how-millennials-and-gen-z-build-their-identities-through-what-they-buy.html]
[clyde.studiofreight.com/_next/Clyde-Blog-Millenial-Spending-Habits__1_7ac1.png]
[clyde.studiofreight.com/blog/consumer-data-why-it-drives-businesses-and-how-its-changing.html]
[clyde.studiofreight.com/_next/Clyde-Blog-Customer-Data-Strategy0258.jpg]
[clyde.studiofreight.com/blog/the-ultimate-guide-to-ecommerce-shipping.html]
[clyde.studiofreight.com/_next/02_Clyde-Blog-the-ultimate-guide-to-ecommerce-shipping9673.jpg]
[clyde.studiofreight.com/blog/4-tactics-to-reduce-your-customer-acquisition-cost-cac-in-2022.html]
[clyde.studiofreight.com/_next/04_Clyde-Blog-4-tactics-to-reduce-your-customer-acquisition-cost-cac-in-20225ce1.jpg]
[clyde.studiofreight.com/blog/product-registration-why-its-important-and-how-to-make-it-easier-on-customers.html]
[clyde.studiofreight.com/_next/06_Clyde-Blog-product-registration-why-its-important-and-how-to-make-it-easier-on-customers9f0a.jpg]
[clyde.studiofreight.com/blog/the-science-behind-social-selling.html]
[clyde.studiofreight.com/_next/07_Clyde-Blog-the-science-behind-social-sellingc89b.jpg]
[clyde.studiofreight.com/blog/4-ecommerce-trends-for-2022.html]
[clyde.studiofreight.com/_next/10_Clyde-Blog-4-ecommerce-trends-for-202238d8.jpg]
[clyde.studiofreight.com/blog/tech-tailwinds-an-executive-summary-of-our-whitepaper.html]
[clyde.studiofreight.com/_next/14_Clyde-Blog-tech-tailwinds-an-executive-summaryccc2.jpg]
[clyde.studiofreight.com/blog/how-ecommerce-technology-works-together.html]
[clyde.studiofreight.com/_next/16_Clyde-Blog-how-ecommerce-technology-works-together53b1.jpg]
[clyde.studiofreight.com/blog/7-ways-to-differentiate-your-business-from-the-competition.html]
[clyde.studiofreight.com/_next/17_Clyde-Blog-7-ways-to-differentiate-your-business-from-the-competition7662.jpg]
[clyde.studiofreight.com/blog/the-clyde-ecommerce-conversation-december-17.html]
[clyde.studiofreight.com/blog/the-real-price-tag-of-a-bought-not-built-tech-stack-and-a-way-to-slash-it.html]
[clyde.studiofreight.com/_next/The_Real_Price_Tag_of_a_Bought-not-Built_Tech_Stack__And_A_Way_to_Slash_It_1376.jpg]
[clyde.studiofreight.com/blog/the-anatomy-of-a-post-purchase-email.html]
[clyde.studiofreight.com/_next/Anatomy525c.jpg]
[clyde.studiofreight.com/blog/the-clyde-ecommerce-conversation-october-29.html]
[clyde.studiofreight.com/blog/ecommerce-industries-projected-to-grow-the-most.html]
[clyde.studiofreight.com/_next/eCommerce_Industries_Projected_To_Grow_The_Most61e4.jpg]
[clyde.studiofreight.com/blog/6-creative-ways-retailers-can-deal-with-supply-chain-nightmares-this-holiday-season.html]
[clyde.studiofreight.com/_next/6_Creative_Ways_Retailers_Can_Deal_with_Supply_Chain_Nightmares_This_Holiday_Seasonec23.jpg]
[clyde.studiofreight.com/blog/the-trust-doctrine-what-the-data-says-matters-most-for-a-successful-extended-warranty-program.html]
[clyde.studiofreight.com/_next/The_Trust_Doctrine__What_the_Data_Says_Matters_Most_for_a_Successful_Extended_Warranty_Programeb87.jpg]
[clyde.studiofreight.com/blog/what-shoppers-look-for-when-buying-online.html]
[clyde.studiofreight.com/_next/What_Shoppers_Look_For_When_Buying_Online25f1.jpg]
[clyde.studiofreight.com/blog/optimize-your-ecommerce-shopping-cart-with-these-11-best-practices.html]
[clyde.studiofreight.com/_next/Optimize_Your_eCommerce_Shopping_Cart_With_These_11_Best_Practices8af1.jpg]
[clyde.studiofreight.com/blog/the-clyde-ecommerce-conversation-september-2nd.html]
[clyde.studiofreight.com/_next/The_Clyde_eCommerce_Conversation__September_2nd_3e9d.jpg]
[clyde.studiofreight.com/blog/walking-the-roadmap-with-molo-solutions-carol-park.html]
[clyde.studiofreight.com/_next/Walking_The_Roadmap_With_Molo_Solution_s_Carol_Park4518.png]
[clyde.studiofreight.com/blog/expos-and-trade-shows-are-back-but-different.html]
[clyde.studiofreight.com/_next/Expos_and_Trade_Shows_Are_Back_But_Different0cd7.png]
[clyde.studiofreight.com/blog/the-clyde-ecommerce-conversation-august-18th.html]
[clyde.studiofreight.com/_next/The_Clyde_eCommerce_Conversation__August_18th_732c.jpg]
[clyde.studiofreight.com/blog/8-upselling-examples-and-tips-that-increase-order-values.html]
[clyde.studiofreight.com/_next/Clyde-8-upselling-examplesa4f8.jpg]
[clyde.studiofreight.com/blog/the-future-of-influencer-marketing-is-here-6-trends-from-territorys-rafael-schwarz.html]
[clyde.studiofreight.com/_next/The_Future_of_Influencer_Marketing_Is_Here__6_Trends_from_TERRITORY_s_Rafael_Schwarz5348.jpg]
[clyde.studiofreight.com/blog/the-art-of-the-pop-up-redux-insight-from-the-pop-up-shop-agencys-hope-newman.html]
[clyde.studiofreight.com/_next/60e72910b6735b81de3bd387_Net-20Promoter-20Artwork-20323bc.jpg]
[clyde.studiofreight.com/blog/16-ways-to-celebrate-pride.html]
[clyde.studiofreight.com/_next/60d5d804747c819c28fe3406_Pride-2001cc81.png]
[clyde.studiofreight.com/blog/essential-salesforce-commerce-cloud-apps-and-integrations.html]
[clyde.studiofreight.com/_next/Essential_Salesforce_Commerce_Cloud_Apps_and_Integrations3ced.png]
[clyde.studiofreight.com/blog/the-sustainability-of-the-ecommerce-spike.html]
[clyde.studiofreight.com/_next/The_Sustainability_Of_The_eCommerce_Spikeaa87.jpg]
[clyde.studiofreight.com/blog/the-business-strategy-behind-the-ecommerce-boom-4-insights-from-e-y-data-scientist-tanmaya-pisal.html]
[clyde.studiofreight.com/_next/The_Business_Strategy_Behind_The_eCommerce_Boom__4_Insights_From_E_Y_Data_Scientist_Tanmaya_Pisal8a60.jpg]
[clyde.studiofreight.com/blog/the-touchpoint-trojan-horse.html]
[clyde.studiofreight.com/_next/Clyde-Blog-Touchpoint-Trojan-Horse4940.jpg]
[clyde.studiofreight.com/blog/the-value-of-calls-to-action.html]
[clyde.studiofreight.com/_next/The_Value_of_Calls-to-Action36ef.jpg]
[clyde.studiofreight.com/blog/will-oems-embrace-a-new-business-model-in-2021.html]
[clyde.studiofreight.com/_next/Will_OEMs_Embrace_A_New_Business_Model_In_2021f9d0.jpg]
[clyde.studiofreight.com/blog/a-startling-shift-in-consumer-confidence.html]
[clyde.studiofreight.com/_next/A_Startling_Shift_In_Consumer_Confidence7506.png]
[clyde.studiofreight.com/blog/three-ways-to-combat-rising-customer-acquisition-costs.html]
[clyde.studiofreight.com/_next/Clyde-Three_Ways_To_Combat_Rising_Customer_Acquisition_Costs31fe.jpg]
[clyde.studiofreight.com/blog/bridging-seasonal-lulls-with-passive-income.html]
[clyde.studiofreight.com/_next/Bridging_Seasonal_Lulls_With_Passive_Income7850.png]
[clyde.studiofreight.com/blog/accidental-damage-coverage-what-is-it-why-customers-want-it-and-how-it-works.html]
[clyde.studiofreight.com/_next/Giveonecdb0.jpg]
[clyde.studiofreight.com/_next/cotopaxi_bags6533.jpg]
[clyde.studiofreight.com/_next/electric_cad52d.jpg]
[clyde.studiofreight.com/blog/embracing-a-more-sustainable-future-and-how-a-repair-program-can-help.html]
[clyde.studiofreight.com/_next/1EMLA8GZwPS81nbi5E3RPQjyJlPFvhATFlIUKn-gKbXXwdCe1plgtNSCbIfHdJQr3MShHKeWzmCe9X05oOguQt1RwfJA7gvQf08Lh3NVgAXka3bAUWIFYG3kQrfub797.jpg]
[clyde.studiofreight.com/_next/about_the_job4845.png]
[clyde.studiofreight.com/_next/us_retail_ecommerce_holiday_season2079.png]
[clyde.studiofreight.com/_next/US_holiday_season_retail_sales_20155010.png]
[clyde.studiofreight.com/blog/how-brands-are-prepping-for-bfcm-black-friday-cyber-monday-in-2022-3-trends.html]
[clyde.studiofreight.com/blog/5-challenges-and-3-easy-wins-how-brands-can-stay-ahead-in-the-current.html]
[clyde.studiofreight.com/blog/why-warranties-are-about-customer-love-not-fear.html]
[clyde.studiofreight.com/_next/transforming_the_food_supply_chaina614.jpg]
[clyde.studiofreight.com/_next/personlizarion_directly_influences_buying_behavior3bf6.jpg]
[clyde.studiofreight.com/_next/product_masterdf18.jpg]
[clyde.studiofreight.com/blog/how-to-gather-customer-data-and-feedback.html]
[clyde.studiofreight.com/_next/josh_haner_-_NYTcded.jpg]
[twitter.com/gopuff/status/1471132957238644737.2f70276.delayed]
[platform.twitter.com/widgets.js]
[clyde.studiofreight.com/blog/how-supply-chain-constraints-are-driving-innovation-in-product-delivery-and-issue-resolution.html]
[clyde.studiofreight.com/_next/NYT_-_This_is_going_to_hurtf22a.jpg]
[clyde.studiofreight.com/blog/whats-ownership-enrichment-and-why-does-it-matter.html]
[clyde.studiofreight.com/_next/RHf498.jpg]
[clyde.studiofreight.com/_next/Boundlessa411.jpg]
[clyde.studiofreight.com/_next/mckinsey_co83ce.jpg]
[clyde.studiofreight.com/blog/3-must-haves-for-a-successful-loyalty-program-tiering-product-protection-and.html]
[clyde.studiofreight.com/_next/static/css/5a960d212a5fc452.css]
[clyde.studiofreight.com/_next/Movado-Solution-Imagee74a.png]
[clyde.studiofreight.com/case-study/movado.html]
[clyde.studiofreight.com/_next/Clyde-EVOGimbals-Hero64a3.png]
[clyde.studiofreight.com/_next/Client-046c42.jpg]
[clyde.studiofreight.com/_next/Clyde-EVO-CaseStudy-InAction-Imagee332.png]
[clyde.studiofreight.com/case-study/evo-gimbals.html]
[clyde.studiofreight.com/_next/static/css/799a3a6558a0c15d.css]
[dash.partnerstack.com/clyde.html]
[cdn.readme.io/public/hub/web/routes-PageNotFound.1ada8671884e2a5b981e.css]
[cdn.readme.io/public/hub/web/routes-Changelog.cad5bec3c55393966d1b.css]
[cdn.readme.io/public/hub/web/Footer.ce31c64f1a0ffb7d435e.css]
[cdn.readme.io/public/hub/web/routes-GraphQL.e64de9e1336bea2c8359.css]
[cdn.readme.io/public/hub/web/SuperHub.1af5b31be7f78595ab6a.css]
[cdn.readme.io/public/hub/web/routes-Discuss.188926678170117f9a58.css]
[cdn.readme.io/public/hub/web/routes-Logs.10b981f03fbd21ea14d8.css]
[cdn.readme.io/public/hub/web/8828f629f8dcb849d77ad09b5a3ab84e.png]
[cdn.readme.io/public/hub/web/7ce0d53ac942392fe29ee6ed4dcedc98.png]
[cdn.readme.io/public/hub/web/Header.89a2384b543f594c037c.css]
[cdn.readme.io/public/hub/web/routes-Doc-SuperHubEditor.62eb724cfcf36f6ff979.css]
[cdn.readme.io/public/hub/web/5237.f0f65f85c3068d7f49cc.css]
[cdn.readme.io/public/hub/web/routes-Landing.bdff7e649eb6babb416e.css]
[cdn.readme.io/public/hub/web/routes-Doc.8694498f51565b295b14.css]
[cdn.readme.io/public/hub/web/3435.f8449f56966dc3114c6f.css]
[cdn.readme.io/public/hub/web/routes-Reference.800f068e194f6cbe82bf.css]
[cdn.readme.io/public/hub/web/7552.a5400af8fab195c8b6a2.css]
[cdn.readme.io/public/hub/web/3257.223483228944356f3ee1.css]
[cdn.readme.io/public/hub/web/810.b5f129526fc82ce57cac.css]
[cdn.readme.io/public/hub/web/New.a5ddcc4906f19eb89f15.css]
[cdn.readme.io/public/hub/web/Post.34f3822b0ab6cfefa0bc.css]
[cdn.readme.io/public/hub/web/Page.29330b9a37a5b2f9ae85.css]
[cdn.readme.io/public/hub/web/Editor.2b0ea2c888fecfd1ddde.css]
[cdn.readme.io/public/hub/web/List.4182c8122b1d7f67e908.css]
[cdn.readme.io/public/hub/web/8b43027f47b20503057dfbbaa9401fef.eot]
[cdn.readme.io/public/hub/web/8b43027f47b20503057dfbbaa9401fefd41d.eot]
[cdn.readme.io/public/hub/web/20fd1704ea223900efa9fd4e869efb08.woff2]
[cdn.readme.io/public/hub/web/f691f37e57f04c152e2315ab7dbad881.woff]
[cdn.readme.io/public/hub/web/1e59d2330b4c6deb84b340635ed36249.ttf]
[cdn.readme.io/public/hub/web/c1e38fd9e0e74ba58f7a2b77ef29fdd3.svg]
[cdn.readme.io/public/hub/web/aeec37cfa4aa0e087a1890cdf5f9cfcb.eot]
[cdn.readme.io/public/hub/web/ac278cb2ccee0324576120a9fcb70544.woff2]
[cdn.readme.io/public/hub/web/63c51a36066432a0251352105fa92838.ttf]
[cdn.readme.io/public/hub/web/3132d62adc180241acaffe32e738efd6.woff]
[cdn.readme.io/public/hub/web/main.3f4ed9ef7e8b221de43c.css]
[www.hiclyde.com/login.html]
[cdnjs.cloudflare.com/ajax/libs/slick-carousel/1.6.0/slick.min.css]
[cdn.readme.io/public/hub/web/03d12d07ab0e646f3be720a8908f5078.svg]
[cdnjs.cloudflare.com/ajax/libs/slick-carousel/1.6.0/ajax-loader.gif]
[cdnjs.cloudflare.com/ajax/libs/slick-carousel/1.6.0/fonts/slick.eot]
[cdnjs.cloudflare.com/ajax/libs/slick-carousel/1.6.0/fonts/slickd41d.eot]
[cdnjs.cloudflare.com/ajax/libs/slick-carousel/1.6.0/fonts/slick.woff]
[cdnjs.cloudflare.com/ajax/libs/slick-carousel/1.6.0/fonts/slick.ttf]
[cdnjs.cloudflare.com/ajax/libs/slick-carousel/1.6.0/slick-theme.min.css]
[cdnjs.cloudflare.com/ajax/libs/slick-carousel/1.6.0/fonts/slick.svg]
[maxcdn.bootstrapcdn.com/bootstrap/4.0.0/css/bootstrap.min.css]
[www.hiclyde.com/static/media/Volte Regular Italic.aab319fe1db4f1310d23.woff]
[www.hiclyde.com/static/media/Volte.1e79455f1806d172285f.woff]
[www.hiclyde.com/static/media/Volte Light Italic.1ed6ccdd736eb10b0a11.woff]
[www.hiclyde.com/static/media/Volte Light.099c7f957545cf33e792.woff]
[www.hiclyde.com/static/media/Volte Medium Italic.1184d876eff6b8b8e207.woff]
[www.hiclyde.com/static/media/Volte Medium.67b81991bb5b3c1c445d.woff]
[www.hiclyde.com/static/media/Volte Semibold Italic.c095c36584c598cddcc7.woff]
[www.hiclyde.com/static/media/Volte Semibold.6a357c730f84794029be.woff]
[www.hiclyde.com/static/media/Volte Bold Italic.cbfa25931ada45e063e6.woff]
[www.hiclyde.com/static/media/Volte Bold.c6f599f5b367cdf4ee05.woff]
[www.hiclyde.com/static/css/main.dd4e5273.css]
[app.joinclyde.com/images/Clyde-Favicon.svg]
[app.joinclyde.com/static/media/Volte Regular Italic.b4d1ce47.woff]
[app.joinclyde.com/static/media/Volte.5099295d.woff]
[app.joinclyde.com/static/media/Volte Light Italic.8ad7a197.woff]
[app.joinclyde.com/static/media/Volte Medium Italic.89f99308.woff]
[app.joinclyde.com/static/media/Volte Semibold Italic.69f5ce23.woff]
[app.joinclyde.com/static/media/Volte Bold Italic.c8ec18e8.woff]
[app.joinclyde.com/static/css/2.060a2202.chunk.css]
[app.joinclyde.com/images/Clyde_background.png]
[app.joinclyde.com/static/css/main.1bc7889e.chunk.css]
[app.joinclyde.com/index.html]
[clyde.studiofreight.com/_next/static/css/fd9ea69a86d62f22.css]
[dash.partnerstack.com/assets/loading_pattern-5cacb804.png]
[dash.partnerstack.com/assets/loading_pattern_dark-1270e195.png]
[dash.partnerstack.com/assets/index-f47aff7f.css]
[clyde.studiofreight.com/_next/static/css/6c315dfc7c865744.css]
[clyde.studiofreight.com/_next/static/css/209b44edaa10c061.css]
[status.joinclyde.com/assets/css/app.mincfe4.css]
[status.joinclyde.com/assets/symbol-defs.svg]
[clyde.studiofreight.com/_next/static/css/5275fae23067085d.css]
[clyde.studiofreight.com/legal/terms-of-use.html]
[clyde.studiofreight.com/legal/privacy-policy.html]
[clyde.studiofreight.com/legal/opt-out-guide.html]
[clyde.studiofreight.com/legal/subprocessors.html]
[clyde.studiofreight.com/_next/static/css/cad8d4b112c446b2.css]
[clyde.studiofreight.com/_next/02c-Tushyd4d4.png]
[clyde.studiofreight.com/_next/jon_knottcc33.jpg]
[clyde.studiofreight.com/blog/streamlining-customer-experience-with-gorgias-and-clyde.html]
[images.ctfassets.net/erlrc80rfj1z/4Cg3KdexX7tSqT0TO6NtYX/84487679699a4e013be105fb88fbf9d0/Clyde-Extended-Warranties-Attract-Better-Customers-Blog.png]
[clyde.studiofreight.com/blog/why-and-how-extended-warranties-can-attract-better-customers-that-stay.html]
[clyde.studiofreight.com/blog/leveraging-email-marketing-to-increase-customer-ltv.html]
[images.ctfassets.net/erlrc80rfj1z/4lxZPHeIr3IOpnRsRxQ7h2/df14fbc915046714768f51befb057d7c/Clyde-Blog-Guide-to-eCommerce-Payment-Processing.jpg]
[clyde.studiofreight.com/_next/E-commerce_payment_method_split_by_value5e74.jpg]
[clyde.studiofreight.com/_next/aQGkvsvtMqTBH8-KlZaCit7a3t2NTDAQgnLCANVw4nmTO62KIYpMo5fp56S0ytHQlx4WOQL5av_YLLqEb0d7hO053ErZP9bXYD2YILgkIbwkYZ1KB3bITnREaLGGfee8.jpg]
[clyde.studiofreight.com/_next/V5HYOmCWpXHgGldTR_ghL6LskdBtulNrL9zIsffkp3rFR1gv8w5wY7XRTxRYid2huxmDvOVID6BgXLmhfU2i0fcYN5V-tBtV2KQ3_EJuq4P6_zZB7Jz1zdyWcchB38dd.jpg]
[clyde.studiofreight.com/_next/oyIV-evTS1zTIuCLfyLRcLLbmkLTcUJtaKjRXZkPg5AGdC1-4cHQ1JpSQP9St4v9dkm6rI_eWXpQn8vXz7an4de55s9OznQb5y0B82IZaM6R-w2xzqkfDjM_8LHVb3c9.jpg]
[clyde.studiofreight.com/_next/SAVE_AND_CONTINUE3fdf.jpg]
[clyde.studiofreight.com/_next/easy_lease_to_ownb60a.jpg]
[clyde.studiofreight.com/_next/Crypto_currency_e573.jpg]
[clyde.studiofreight.com/_next/squarec75d.jpg]
[clyde.studiofreight.com/blog/guide-to-ecommerce-payment-processing-8-payment-processing-options-for-your-store.html]
[images.ctfassets.net/erlrc80rfj1z/6x5IGKEzEkeUzXcGOYxtH0/37552997bbfbe0f5bb736392368612a5/09_Clyde-Blog-walking-the-roadmap-with-hawke-medias-ashley-scorpio.jpg]
[clyde.studiofreight.com/_next/Clyde-Author-Michael-Calabrese1288.jpg]
[clyde.studiofreight.com/blog/walking-the-roadmap-with-hawke-medias-ashley-scorpio.html]
[clyde.studiofreight.com/_next/Partner_Spotlight__Katapult_s_Lease_To_Own_Financing_Unlocking_A_Host_Of_New_Consumers_Copy_2-1a2ae.png]
[clyde.studiofreight.com/_next/Partner_Spotlight__Katapult_s_Lease_To_Own_Financing_Unlocking_A_Host_Of_New_Consumers_Copy_2-2e932.jpg]
[clyde.studiofreight.com/blog/partner-spotlight-katapult-copy-2.html]
[images.ctfassets.net/erlrc80rfj1z/5XwtTLMUjxyAElmspuWPXs/450dad06abfae9c3d3b133de8a229c86/18_Clyde-Blog-what-you-should-know-about-product-protection-plans.jpg]
[clyde.studiofreight.com/_next/What_you_should_know_about_product_protection_plans-185fb.jpg]
[clyde.studiofreight.com/_next/What_you_should_know_about_product_protection_plans-23476.png]
[clyde.studiofreight.com/_next/What_you_should_know_about_product_protection_plans-3a748.png]
[clyde.studiofreight.com/_next/What_you_should_know_about_product_protection_plans-4faec.png]
[clyde.studiofreight.com/_next/What_you_should_know_about_product_protection_plans-5f4ce.png]
[clyde.studiofreight.com/_next/What_you_should_know_about_product_protection_plans-697ce.png]
[clyde.studiofreight.com/_next/What_you_should_know_about_product_protection_plans-71535.png]
[clyde.studiofreight.com/_next/What_you_should_know_about_product_protection_plans-8f0b9.png]
[clyde.studiofreight.com/_next/What_you_should_know_about_product_protection_plans-92748.png]
[clyde.studiofreight.com/_next/What_you_should_know_about_product_protection_plans-1060b9.png]
[clyde.studiofreight.com/blog/what-you-should-know-about-product-protection-plans.html]
[clyde.studiofreight.com/_next/How_Product_Protection_Increases_Customer_LTV_and_Drives_Loyalty-1f73c.jpg]
[clyde.studiofreight.com/_next/How_Product_Protection_Increases_Customer_LTV_and_Drives_Loyalty-2807e.png]
[clyde.studiofreight.com/blog/how-product-protection-increases-customer-ltv-and-drives-loyalty.html]
[clyde.studiofreight.com/_next/Everything_SMBs_Need_to_Know_About_Warranty_Programs__A_Q_A_with_Clyde_s_Pam_Schneider-1c470.jpg]
[clyde.studiofreight.com/blog/everything-smbs-need-to-know-about-warranty-programs-a-q-a-with-clydes-pam-schneider.html]
[clyde.studiofreight.com/blog/livestream-shopping.html]
[clyde.studiofreight.com/blog/bigcommerce-warranty-management.html]
[clyde.studiofreight.com/blog/how-to-manage-warranties-with-magento.html]
[clyde.studiofreight.com/blog/a-moving-target-the-world-of-ctas.html]
[clyde.studiofreight.com/blog/grinding-to-the-top-one-on-one-with-thomas-fields.html]
[clyde.studiofreight.com/_next/Behind_Clyde__Meet_Travis_Amiel-17daf.jpg]
[clyde.studiofreight.com/blog/behind-clyde-meet-travis-amiel.html]
[clyde.studiofreight.com/_next/Are_Warranties_The_New_One-Day_Shipping975e.png]
[clyde.studiofreight.com/blog/are-warranties-the-new-one-day-shipping.html]
[clyde.studiofreight.com/blog/consumer-electronics-holiday-gift-guide-our-16-top-picks.html]
[clyde.studiofreight.com/_next/How_to_Grow_Average_Order_Value_Post-Purchase-13c9e.png]
[clyde.studiofreight.com/_next/How_to_Grow_Average_Order_Value_Post-Purchase-22f8f.png]
[clyde.studiofreight.com/_next/How_to_Grow_Average_Order_Value_Post-Purchase-358a0.png]
[clyde.studiofreight.com/_next/How_to_Grow_Average_Order_Value_Post-Purchase-470e0.png]
[clyde.studiofreight.com/blog/how-to-grow-average-order-value-post-purchase.html]
[clyde.studiofreight.com/blog/how-warranty-claims-management-is-becoming-more-customer-centric.html]
[clyde.studiofreight.com/blog/6-essential-salesforce-commerce-cloud-apps-and-integrations.html]
[images.ctfassets.net/erlrc80rfj1z/7IuzL7IP0hTxDhNtdY1Ef2/3c3603c737dffebff4fbcd7b7ee9fb1e/5f85a8f1c753657e08888bdf_Clyde_Visual_Exploration-02.png]
[clyde.studiofreight.com/blog/10-ways-for-retailers-to-improve-customer-lifetime-value-ltv-clv.html]
[clyde.studiofreight.com/blog/how-democratizing-data-drives-ecommerce-teams-forward.html]
[clyde.studiofreight.com/blog/4-things-ecommerce-retailers-should-think-about-for-2020-holiday-shopping.html]
[clyde.studiofreight.com/_next/3_coronavirus_ecommerce_trends_that_might_be_here_to_stay__and_3_that_probably_won_t_be_-153d5.png]
[clyde.studiofreight.com/_next/3_coronavirus_ecommerce_trends_that_might_be_here_to_stay__and_3_that_probably_won_t_be_-28f98.png]
[clyde.studiofreight.com/blog/3-coronavirus-ecommerce-trends-that-might-be-here-to-stay-and-3-that-probably-wont-be.html]
[clyde.studiofreight.com/_next/5d8bec3496d4e71b4c3e2fd2_jacobe6a6.jpg]
[clyde.studiofreight.com/blog/why-flexibility-is-the-key-to-successful-extended-warranty-claims-management.html]
[clyde.studiofreight.com/blog/commerce-chats-kate-albers.html]
[twitter.com/join_clyde.4259ed2.delayed]
[clyde.studiofreight.com/blog/5-e-commerce-technologies-to-implement-today.html]
[clyde.studiofreight.com/blog/how-to-talk-to-your-customers-about-product-protection.html]
[clyde.studiofreight.com/_next/Frame_8322bb5a.jpg]
[clyde.studiofreight.com/blog/adapting-digital-first-marketing-funnels-to-improve-conversion.html]
[clyde.studiofreight.com/_next/Out_of_the_Box__Balmuda-1b795.png]
[clyde.studiofreight.com/blog/out-of-the-box-balmuda.html]
[clyde.studiofreight.com/blog/the-metrics-that-matter.html]
[clyde.studiofreight.com/_next/Increasing_Ecommerce_Average_Order_Value__AOV__with_Magento-1f61a.png]
[clyde.studiofreight.com/blog/increasing-aov-with-magento.html]
[clyde.studiofreight.com/_next/How_Product_Protection_Builds_Retail_Success-1390b.png]
[clyde.studiofreight.com/_next/How_Product_Protection_Builds_Retail_Success-239d8.png]
[clyde.studiofreight.com/_next/How_Product_Protection_Builds_Retail_Success-3e193.png]
[clyde.studiofreight.com/blog/how-product-protection-builds-retail-success.html]
[images.ctfassets.net/erlrc80rfj1z/18XZRq7IFWXKW2uaZ2u7JT/88ba4b9ae6ee44bca0413680b462f8a2/Clyde-Zappos.jpg]
[clyde.studiofreight.com/_next/Understanding_Zappos__Customer_Service_Model-1b06a.png]
[clyde.studiofreight.com/_next/Understanding_Zappos__Customer_Service_Model-212be.jpg]
[clyde.studiofreight.com/blog/the-zappos-customer-service-model.html]
[clyde.studiofreight.com/blog/clyde-named-one-of-insurtechs-most-innovative-insurtech-startups.html]
[images.ctfassets.net/erlrc80rfj1z/581lHJTPIoCN6Xv3UUvH6n/497dfcde23b893cd845d7f3e4faa9261/Clyde-ShopifyPlus-Announcement-Blog-Post.png]
[clyde.studiofreight.com/case-study/chilisleep]
[clyde.studiofreight.com/_next/Clyde_Shopify_Plus_1dbc5.jpg]
[clyde.studiofreight.com/blog/clyde-certified-as-a-shopify-plus-app.html]
[images.ctfassets.net/erlrc80rfj1z/7gC3amSP1JUROsdDez8c94/ef4bad770216dce5d4d63bda3a3aaa32/01_Clyde-Blog-Launch-Announcement.jpg]
[clyde.studiofreight.com/_next/5cb913a870d87a0a1306f5ce_Screen-20Shot-202019-04-18-20at-2073f62.png]
[clyde.studiofreight.com/blog/the-next-evolution-of-customer-connection-ownership.html]
[images.ctfassets.net/erlrc80rfj1z/4TVDm7uP0JDm6291pgkuEV/dfb3b114b72e1aa0fcb33340af05ede5/05_Clyde-Blog-the-clyde-ecommerce-conversation-february-25.jpg]
[clyde.studiofreight.com/blog/the-clyde-ecommerce-conversation-february-25.html]
[images.ctfassets.net/erlrc80rfj1z/58KWq53hMKYjbZVlonSTrB/633745ac5adfca85aca0472597601770/12_Clyde-Blog-partner-spotlight-hawke-media-perfecting-the-outsourced-cmo-model.jpg]
[clyde.studiofreight.com/_next/Hawke-Media-Logo158b.png]
[clyde.studiofreight.com/blog/partner-spotlight-hawke-media-perfecting-the-outsourced-cmo-model.html]
[images.ctfassets.net/erlrc80rfj1z/5HM6FzGl2Hp2SCjPGUa1nF/74c80da2deab988060cfa8e67b0c65cf/15_Clyde-Blog-the-clyde-ecommerce-conversation-january-12.jpg]
[clyde.studiofreight.com/blog/the-clyde-ecommerce-conversation-january-12.html]
[images.ctfassets.net/erlrc80rfj1z/7qFN63uH4YxbFfbKc8NT6y/8789d5fefa0bd0c4df58a5130c13da8c/20_Clyde-Blog-5-holiday-shopping-trends-for-the-upcoming-2021-season.jpg]
[clyde.studiofreight.com/blog/5-holiday-shopping-trends-for-the-upcoming-2021-season.html]
[clyde.studiofreight.com/blog/walking-the-roadmap-with-carthooks-lucy-burningham.html]
[images.ctfassets.net/erlrc80rfj1z/6CPLzq9KibyWXMmrKzoJOi/6d8e960006e55a19cb916f1742d4ade3/6130e4390a1c4965babe6807_eCommerce-20Weekly-20Update-201.jpg]
[clyde.studiofreight.com/blog/the-clyde-ecommerce-conversation-november-22.html]
[images.ctfassets.net/erlrc80rfj1z/sqrJ4BBSThYeFLXPwxwdg/cd835bef0f3870699c49cb0c61b27322/Clyde-Blog-FPO-Hero.jpg]
[twitter.com/drmartens/status/1120711894380240896.486.delayed]
[clyde.studiofreight.com/blog/25-brands-offering-lifetime-warranties-and-guarantees-that-your-business-can-aspire-to.html]
[clyde.studiofreight.com/blog/walking-the-roadmap-with-clydes-ceo-brandon-gell.html]
[clyde.studiofreight.com/blog/announcing-clydes-41mm-series-b-funding.html]
[clyde.studiofreight.com/blog/the-clyde-ecommerce-conversation-september-28th.html]
[images.ctfassets.net/erlrc80rfj1z/24XqCaOVx0lsgEXEmGve3v/f31d85fb48f4493dc77b34c0041c99c9/611d1982349e20ef2e401e76_eCommerce-20Weekly-20Update-205-1.jpg]
[clyde.studiofreight.com/blog/the-clyde-ecommerce-conversation-september-21st.html]
[clyde.studiofreight.com/_next/A_New_Holiday_Shopping_Map__The_Future_of_Black_Friday-1bafd.jpg]
[clyde.studiofreight.com/_next/A_New_Holiday_Shopping_Map__The_Future_of_Black_Friday-2af5b.jpg]
[clyde.studiofreight.com/_next/A_New_Holiday_Shopping_Map__The_Future_of_Black_Friday-344aa.png]
[clyde.studiofreight.com/blog/a-new-holiday-shopping-map-the-future-of-black-friday.html]
[clyde.studiofreight.com/_next/The_Clyde_eCommerce_Conversation-18a80.png]
[clyde.studiofreight.com/_next/The_Clyde_eCommerce_Conversation-2fcfa.jpg]
[clyde.studiofreight.com/blog/the-clyde-ecommerce-conversation.html]
[clyde.studiofreight.com/blog/your-retailx-chicago-city-guide.html]
[clyde.studiofreight.com/blog/clyde-achieves-soc-2-certification.html]
[clyde.studiofreight.com/blog/juneteenth-celebration.html]
[clyde.studiofreight.com/blog/walking-the-roadmap-with-clydes-vp-of-business-development-and-partnerships.html]
[clyde.studiofreight.com/blog/clydes-partner-program-is-helping-retailers-thoughtfully-scale-their-tech-stacks.html]
[clyde.studiofreight.com/blog/clyde-wins-big-at-the-stevie-awards.html]
[clyde.studiofreight.com/blog/why-educated-customers-spend-more-insights-from-capitol-lightings-paul-adams-and-clydes-brandon-gells-etail-roundtable.html]
[clyde.studiofreight.com/blog/behind-clyde-meet-dr-monika-heinig.html]
[clyde.studiofreight.com/blog/walking-the-roadmap.html]
[clyde.studiofreight.com/blog/clydes-executive-power-lunch-with-alibabas-john-caplan.html]
[clyde.studiofreight.com/blog/first-100-days-what-a-biden-presidency-means-for-retailers.html]
[clyde.studiofreight.com/_next/6_eCommerce_Trends_for_2021-1dee4.jpg]
[clyde.studiofreight.com/blog/6-ecommerce-trends-for-2021.html]
[clyde.studiofreight.com/_next/John_Caplan_Joins_Clyde_s_Board_Of_Directors-13e8f.png]
[clyde.studiofreight.com/blog/john-caplan-joins-clydes-board-of-directors.html]
[clyde.studiofreight.com/blog/cyber-week-shatters-record-attachment-rates-trend-higher.html]
[twitter.com/join_clyde/status/1269988640282890241/photo/1.4ba.delayed]
[clyde.studiofreight.com/blog/clydes-commitment-to-diversity-equity-and-inclusion-a-transparent-update.html]
[clyde.studiofreight.com/blog/clyde-and-bigcommerce.html]
[clyde.studiofreight.com/blog/clyde-launches-claims-administration-and-partners-with-asurion-to-deliver-instant-easy-scalable-protection-plan-programs.html]
[images.ctfassets.net/erlrc80rfj1z/3NmVTrNRcmWoZFReMNPtOB/eaaac339eff157177a71ac2cc9219f6c/03_Clyde-Blog-warranties-an-ecommerce-counterweight.jpg]
[clyde.studiofreight.com/blog/warranties-an-ecommerce-counterweight.html]
[images.ctfassets.net/erlrc80rfj1z/7n11s2jmRE4p6enPfa15uA/5f2eb6ba94d0c63e49bd5c00c74db0b4/13_Clyde-Blog-everything-you-need-to-know-about-buy-now-pay-later.jpg]
[clyde.studiofreight.com/blog/everything-you-need-to-know-about-buy-now-pay-later.html]
[images.ctfassets.net/erlrc80rfj1z/7ioPvbor9z0QBGyrNvM1c9/3d1b37d5cd4fcdf44c9629494eafc736/19_Clyde-Blog-9-vital-customer-retention-metrics-and-how-to-measure-each-one.jpg]
[twitter.com/eliweisss/status/1457767703918358529.4c9.delayed]
[clyde.studiofreight.com/_next/9_Vital_Customer_Retention_Metrics__And_How_to_Measure_Each_One_-13099.png]
[clyde.studiofreight.com/blog/9-vital-customer-retention-metrics-and-how-to-measure-each-one.html]
[clyde.studiofreight.com/_next/Working_With_Clyde__Swanwick_Is_Powering_Productivity_And_Quality_Of_Life-19dfb.png]
[clyde.studiofreight.com/blog/working-with-clyde-swanwick-is-powering-productivity-and-quality-of-life.html]
[clyde.studiofreight.com/blog/walking-the-roadmap-with-saatvas-ricky-joshi.html]
[images.ctfassets.net/erlrc80rfj1z/6udDPYa2bXozTh0TrRsWDo/68b331574accf9cf026fb41c8000998a/609d69b8da5c71051f8121f8_Selling-20Furniture-20Warranties-204.jpg]
[clyde.studiofreight.com/blog/everything-you-should-know-about-selling-ecommerce-furniture-warranties-in.html]
[images.ctfassets.net/erlrc80rfj1z/1vFw3hYQ4hWxyKo1rH0GMO/51dd905fe82475509f236fbf34bf52fa/608806176865753767a61873_pop-20up-20artwork.jpg]
[clyde.studiofreight.com/blog/the-art-of-the-pop-up.html]
[clyde.studiofreight.com/blog/how-to-manage-warranties-with-shopify.html]
[clyde.studiofreight.com/blog/a-deep-dive-on-net-promoter-score.html]
[clyde.studiofreight.com/blog/the-emergence-of-green-consumerism.html]
[clyde.studiofreight.com/blog/building-loyalty-with-newly-acquired-customers.html]
[clyde.studiofreight.com/blog/how-to-cultivate-influencers-and-brand-partnerships.html]
[clyde.studiofreight.com/_next/Welcome__Here-s_what_to_expect6d28.jpg]
[clyde.studiofreight.com/blog/the-best-of-both-worlds-how-to-make-the-most-of-selling-on-third-party.html]
[twitter.com/rachsyme/status/1393240777367633922.4e79500.delayed]
[twitter.com/rachsyme/status/1442586372867596291.4e9.delayed]
[twitter.com/rachsyme/status/1480956430886789120.4eb.delayed]
[twitter.com/rachsyme/status/1464273584046673958.4ed.delayed]
[twitter.com/rachsyme/status/1359276178889203713.4ef.delayed]
[twitter.com/rachsyme/status/1524153409439416320.4f10276.delayed]
[twitter.com/JoshuaPotash/status/1485023331757740035.4f30276.delayed]
[twitter.com/AdamSinger/status/1504221444561068041.4f50276.delayed]
[clyde.studiofreight.com/blog/how-millennials-and-gen-z-build-their-identities-through-what-they-buy.html]
[clyde.studiofreight.com/_next/RYlJQV2_yGcxqkFsz_1zUUtrqCa-7S8RJBUrzGMhm3GElC1ALHIo7qzO0zS90CEwHiNpc7JY_zjG6-3ATEZu0de1nt1E5WncVHnFZ3GXBQraOE2tx75pD-hMitbrf867.jpg]
[clyde.studiofreight.com/blog/consumer-data-why-it-drives-businesses-and-how-its-changing.html]
[images.ctfassets.net/erlrc80rfj1z/6TyLltxHDLMic2R83o8Qx4/7e58a3fd723952af010426677735d08e/02_Clyde-Blog-the-ultimate-guide-to-ecommerce-shipping.jpg]
[clyde.studiofreight.com/_next/62320085da52903117862507_DaK9t2tSBXmyHPXy5W_gqV7zMTYwvQtobDvTGTZG9M3s2VKFayvmy7oHUzDd8Oot3xkyXgaYZAeSFH-avnHinal13wKJeuxzNC3274f.png]
[clyde.studiofreight.com/_next/623200855204df4eb64ac358_QY34yh52-KCYci6C1t4sI5gFhWSKQ5VgwHacj3XigBf80Uwo_Fg11dMqXJk-hwhevHUny7jIGyS2MLrUYUyP_0t0y9XK4uwPhWdbd3f.png]
[clyde.studiofreight.com/_next/623200851899307af76ed2db_kpEtST9bf8kzfIIY6lYX2ol4LA4rxB_716XbedFQSRfnPiw8na3DbeNy7fzRW2EfOLp4ZVUx_tOgCtfQ9VfjxR_2EDnmtFW-77v7817.png]
[clyde.studiofreight.com/_next/62320085fb07b04fbf834535_G9VtsIEQnvEVrI537bvv2LYQLA8cRWEVVcmzWrFl_vw3gblvb2nn7vGqXEkO2dGrpLMFhuSWRXMjfhQOINGS4BRTdD9GrSABK42c96b.png]
[twitter.com/Gresty_JC/status/1499738358305677312.501dc66.delayed]
[twitter.com/bwhalley/status/1379796150585331714.503a62a.delayed]
[clyde.studiofreight.com/blog/the-ultimate-guide-to-ecommerce-shipping.html]
[images.ctfassets.net/erlrc80rfj1z/2lucDboWnMchU6jBPNkIhk/c99800483cd0388bcb7c0e6f2f392f6a/04_Clyde-Blog-4-tactics-to-reduce-your-customer-acquisition-cost-cac-in-2022.jpg]
[clyde.studiofreight.com/_next/4_Tactics_to_Reduce_Your_Customer_Acquisition_Cost__CAC__in_2022-10598.png]
[twitter.com/mrsharma/status/1377453531217682433.509.delayed]
[twitter.com/itsOddit/status/1428846258756587520.50b.delayed]
[clyde.studiofreight.com/_next/4_Tactics_to_Reduce_Your_Customer_Acquisition_Cost__CAC__in_2022-2bf09.png]
[clyde.studiofreight.com/_next/4_Tactics_to_Reduce_Your_Customer_Acquisition_Cost__CAC__in_2022-31f28.png]
[clyde.studiofreight.com/blog/4-tactics-to-reduce-your-customer-acquisition-cost-cac-in-2022.html]
[images.ctfassets.net/erlrc80rfj1z/2lxJlqHCElmhiff0NUxQtM/9aa5d21481201ec995913211714e1df1/06_Clyde-Blog-product-registration-why-its-important-and-how-to-make-it-easier-on-customers.jpg]
[clyde.studiofreight.com/blog/product-registration-why-its-important-and-how-to-make-it-easier-on-customers.html]
[images.ctfassets.net/erlrc80rfj1z/7q2NF1p8AxCPMWOg5GakYk/c4e8ff2733946e41a625f304ab0507c5/07_Clyde-Blog-the-science-behind-social-selling.jpg]
[twitter.com/akillerbeauty/status/1490711384581148672.515.delayed]
[clyde.studiofreight.com/_next/The_Science_Behind_Social_Selling-10106.png]
[clyde.studiofreight.com/blog/the-science-behind-social-selling.html]
[images.ctfassets.net/erlrc80rfj1z/7e4uWZpywsx6gXhrU28dYJ/17df1f460b796aec503afc0d49f337eb/10_Clyde-Blog-4-ecommerce-trends-for-2022.jpg]
[clyde.studiofreight.com/_next/4_eCommerce_Trends_for_2022-1109e.png]
[clyde.studiofreight.com/_next/4_eCommerce_Trends_for_2022-27f63.png]
[clyde.studiofreight.com/_next/4_eCommerce_Trends_for_2022-308c2.png]
[clyde.studiofreight.com/_next/4_eCommerce_Trends_for_2022-44993.png]
[clyde.studiofreight.com/_next/4_eCommerce_Trends_for_2022-5a8a7.png]
[clyde.studiofreight.com/_next/4_eCommerce_Trends_for_2022-6803f.png]
[clyde.studiofreight.com/_next/4_eCommerce_Trends_for_2022-776b1.png]
[clyde.studiofreight.com/_next/4_eCommerce_Trends_for_2022-8e56b.png]
[clyde.studiofreight.com/_next/4_eCommerce_Trends_for_2022-90e1c.png]
[clyde.studiofreight.com/blog/4-ecommerce-trends-for-2022.html]
[images.ctfassets.net/erlrc80rfj1z/3EymS8SxpEHC3AOle7IW1x/8fdd88fe352a636853ced8398ce109eb/14_Clyde-Blog-tech-tailwinds-an-executive-summary.jpg]
[clyde.studiofreight.com/blog/tech-tailwinds-an-executive-summary-of-our-whitepaper.html]
[images.ctfassets.net/erlrc80rfj1z/4SC27BgegVii1cNbobfssk/5ded13dc852c182bf0ba4c61d813bad9/16_Clyde-Blog-how-ecommerce-technology-works-together.jpg]
[clyde.studiofreight.com/blog/how-ecommerce-technology-works-together.html]
[images.ctfassets.net/erlrc80rfj1z/1Y0JsBywj8zzFa4Cy3VBTn/1fcc69aadafb4633f3f962c33cea042b/17_Clyde-Blog-7-ways-to-differentiate-your-business-from-the-competition.jpg]
[clyde.studiofreight.com/_next/7_Ways_to_Differentiate_Your_Business_from_the_Competition-1f665.png]
[clyde.studiofreight.com/_next/7_Ways_to_Differentiate_Your_Business_from_the_Competition-2e258.png]
[clyde.studiofreight.com/_next/7_Ways_to_Differentiate_Your_Business_from_the_Competition-3fffa.png]
[clyde.studiofreight.com/blog/7-ways-to-differentiate-your-business-from-the-competition.html]
[clyde.studiofreight.com/_next/The_Clyde_eCommerce_Conversation__December_17_-1b4eb.jpg]
[clyde.studiofreight.com/blog/the-clyde-ecommerce-conversation-december-17.html]
[clyde.studiofreight.com/blog/the-real-price-tag-of-a-bought-not-built-tech-stack-and-a-way-to-slash-it.html]
[images.ctfassets.net/erlrc80rfj1z/3UqjxFEOPZ1FmqNyAJMJbs/e9d177f40deb9ce8f354196e8a832ff3/Anatomy.jpg]
[clyde.studiofreight.com/blog/the-anatomy-of-a-post-purchase-email.html]
[clyde.studiofreight.com/blog/the-clyde-ecommerce-conversation-october-29.html]
[clyde.studiofreight.com/_next/eCommerce_Industries_Projected_To_Grow_The_Most-1dc5d.jpg]
[clyde.studiofreight.com/_next/eCommerce_Industries_Projected_To_Grow_The_Most-2c972.jpg]
[clyde.studiofreight.com/_next/eCommerce_Industries_Projected_To_Grow_The_Most-31290.jpg]
[clyde.studiofreight.com/_next/eCommerce_Industries_Projected_To_Grow_The_Most-447bb.jpg]
[clyde.studiofreight.com/_next/eCommerce_Industries_Projected_To_Grow_The_Most-5140a.jpg]
[clyde.studiofreight.com/blog/ecommerce-industries-projected-to-grow-the-most.html]
[twitter.com/irleslie.543.delayed]
[clyde.studiofreight.com/_next/6_Creative_Ways_Retailers_Can_Deal_with_Supply_Chain_Nightmares_This_Holiday_Season-17890.png]
[twitter.com/OrchidBertelsen/status/1445038792713199622.546.delayed]
[clyde.studiofreight.com/_next/6_Creative_Ways_Retailers_Can_Deal_with_Supply_Chain_Nightmares_This_Holiday_Season-29ab6.png]
[clyde.studiofreight.com/_next/6_Creative_Ways_Retailers_Can_Deal_with_Supply_Chain_Nightmares_This_Holiday_Season-39742.png]
[clyde.studiofreight.com/_next/6_Creative_Ways_Retailers_Can_Deal_with_Supply_Chain_Nightmares_This_Holiday_Season-48f10.png]
[clyde.studiofreight.com/blog/6-creative-ways-retailers-can-deal-with-supply-chain-nightmares-this-holiday-season.html]
[clyde.studiofreight.com/_next/The_Trust_Doctrine__What_the_Data_Says_Matters_Most_for_a_Successful_Extended_Warranty_Program-1482a.jpg]
[clyde.studiofreight.com/blog/the-trust-doctrine-what-the-data-says-matters-most-for-a-successful-extended-warranty-program.html]
[clyde.studiofreight.com/_next/What_Shoppers_Look_For_When_Buying_Online-1aeb7.jpg]
[clyde.studiofreight.com/_next/What_Shoppers_Look_For_When_Buying_Online-241a8.jpg]
[clyde.studiofreight.com/_next/What_Shoppers_Look_For_When_Buying_Online-3b25f.jpg]
[clyde.studiofreight.com/_next/What_Shoppers_Look_For_When_Buying_Online-4468f.jpg]
[clyde.studiofreight.com/_next/What_Shoppers_Look_For_When_Buying_Online-5fae8.jpg]
[clyde.studiofreight.com/_next/What_Shoppers_Look_For_When_Buying_Online-696d1.jpg]
[clyde.studiofreight.com/_next/What_Shoppers_Look_For_When_Buying_Online-74888.jpg]
[clyde.studiofreight.com/_next/What_Shoppers_Look_For_When_Buying_Online-8920a.jpg]
[clyde.studiofreight.com/_next/What_Shoppers_Look_For_When_Buying_Online-9e1c4.jpg]
[clyde.studiofreight.com/_next/What_Shoppers_Look_For_When_Buying_Online-101436.jpg]
[clyde.studiofreight.com/_next/What_Shoppers_Look_For_When_Buying_Online-11e173.jpg]
[clyde.studiofreight.com/_next/What_Shoppers_Look_For_When_Buying_Online-1218d5.jpg]
[clyde.studiofreight.com/_next/What_Shoppers_Look_For_When_Buying_Online-136772.jpg]
[clyde.studiofreight.com/_next/What_Shoppers_Look_For_When_Buying_Online-14c43a.jpg]
[clyde.studiofreight.com/_next/What_Shoppers_Look_For_When_Buying_Online-15ce5c.jpg]
[clyde.studiofreight.com/blog/what-shoppers-look-for-when-buying-online.html]
[clyde.studiofreight.com/_next/Optimize_Your_eCommerce_Shopping_Cart_With_These_11_Best_Practices-13153.png]
[clyde.studiofreight.com/_next/Optimize_Your_eCommerce_Shopping_Cart_With_These_11_Best_Practices-2ada7.png]
[clyde.studiofreight.com/_next/Optimize_Your_eCommerce_Shopping_Cart_With_These_11_Best_Practices-342a1.png]
[clyde.studiofreight.com/_next/Optimize_Your_eCommerce_Shopping_Cart_With_These_11_Best_Practices-4057e.png]
[clyde.studiofreight.com/_next/Optimize_Your_eCommerce_Shopping_Cart_With_These_11_Best_Practices-5fda2.png]
[clyde.studiofreight.com/_next/Optimize_Your_eCommerce_Shopping_Cart_With_These_11_Best_Practices-66e7a.png]
[clyde.studiofreight.com/_next/Optimize_Your_eCommerce_Shopping_Cart_With_These_11_Best_Practices-755d5.png]
[clyde.studiofreight.com/_next/Optimize_Your_eCommerce_Shopping_Cart_With_These_11_Best_Practices-8fa71.png]
[clyde.studiofreight.com/_next/Optimize_Your_eCommerce_Shopping_Cart_With_These_11_Best_Practices-9c2fd.png]
[clyde.studiofreight.com/_next/Optimize_Your_eCommerce_Shopping_Cart_With_These_11_Best_Practices-108506.png]
[clyde.studiofreight.com/_next/Optimize_Your_eCommerce_Shopping_Cart_With_These_11_Best_Practices-1119e3.png]
[clyde.studiofreight.com/_next/Optimize_Your_eCommerce_Shopping_Cart_With_These_11_Best_Practices-123570.png]
[clyde.studiofreight.com/blog/optimize-your-ecommerce-shopping-cart-with-these-11-best-practices.html]
[clyde.studiofreight.com/_next/The_Clyde_eCommerce_Conversation__September_2nd_-1704e.jpg]
[clyde.studiofreight.com/blog/the-clyde-ecommerce-conversation-september-2nd.html]
[clyde.studiofreight.com/_next/CarolParkdf39.png]
[clyde.studiofreight.com/blog/walking-the-roadmap-with-molo-solutions-carol-park.html]
[clyde.studiofreight.com/blog/expos-and-trade-shows-are-back-but-different.html]
[clyde.studiofreight.com/blog/the-clyde-ecommerce-conversation-august-18th.html]
[images.ctfassets.net/erlrc80rfj1z/2Xyr6vznWgUDvQczBjXzH6/ee4c24805f2892407afceacc3c1a3660/Clyde-8-upselling-examples.jpg]
[clyde.studiofreight.com/_next/8_Upselling_Examples_and_Tips_That_Increase_Order_Values-17e44.png]
[clyde.studiofreight.com/_next/8_Upselling_Examples_and_Tips_That_Increase_Order_Values-2af4f.png]
[clyde.studiofreight.com/_next/8_Upselling_Examples_and_Tips_That_Increase_Order_Values-3534d.png]
[clyde.studiofreight.com/_next/8_Upselling_Examples_and_Tips_That_Increase_Order_Values-4f80a.png]
[clyde.studiofreight.com/_next/8_Upselling_Examples_and_Tips_That_Increase_Order_Values-53fbb.png]
[clyde.studiofreight.com/_next/8_Upselling_Examples_and_Tips_That_Increase_Order_Values-64e15.png]
[clyde.studiofreight.com/_next/8_Upselling_Examples_and_Tips_That_Increase_Order_Values-78e90.png]
[clyde.studiofreight.com/_next/8_Upselling_Examples_and_Tips_That_Increase_Order_Values-8bb7e.png]
[clyde.studiofreight.com/_next/8_Upselling_Examples_and_Tips_That_Increase_Order_Values-9a0e1.png]
[clyde.studiofreight.com/_next/8_Upselling_Examples_and_Tips_That_Increase_Order_Values-101ca0.png]
[clyde.studiofreight.com/_next/8_Upselling_Examples_and_Tips_That_Increase_Order_Values-1187c1.png]
[clyde.studiofreight.com/_next/8_Upselling_Examples_and_Tips_That_Increase_Order_Values-12a09a.png]
[clyde.studiofreight.com/_next/8_Upselling_Examples_and_Tips_That_Increase_Order_Values-13fed5.png]
[clyde.studiofreight.com/blog/8-upselling-examples-and-tips-that-increase-order-values.html]
[clyde.studiofreight.com/_next/The_Future_of_Influencer_Marketing_Is_Here__6_Trends_from_TERRITORY_s_Rafael_Schwarz-15002.png]
[clyde.studiofreight.com/blog/the-future-of-influencer-marketing-is-here-6-trends-from-territorys-rafael-schwarz.html]
[images.ctfassets.net/erlrc80rfj1z/4Poef4d6MZwCRyFpK3h4Ou/06e6cf7c9bbd713a6272efa8a95246b1/60e72910b6735b81de3bd387_Net-20Promoter-20Artwork-203.jpg]
[clyde.studiofreight.com/blog/the-art-of-the-pop-up-redux-insight-from-the-pop-up-shop-agencys-hope-newman.html]
[images.ctfassets.net/erlrc80rfj1z/4RgAKe0HzmLKWVaPklfmUM/4966fe5a71828148017e851fdd7cb198/60d5d804747c819c28fe3406_Pride-2001.png]
[clyde.studiofreight.com/blog/16-ways-to-celebrate-pride.html]
[clyde.studiofreight.com/blog/essential-salesforce-commerce-cloud-apps-and-integrations.html]
[clyde.studiofreight.com/blog/the-sustainability-of-the-ecommerce-spike.html]
[clyde.studiofreight.com/_next/The_Business_Strategy_Behind_The_eCommerce_Boom__4_Insights_From_E_Y_Data_Scientist_Tanmaya_Pisal-1afe2.jpg]
[clyde.studiofreight.com/blog/the-business-strategy-behind-the-ecommerce-boom-4-insights-from-e-y-data-scientist-tanmaya-pisal.html]
[images.ctfassets.net/erlrc80rfj1z/6lWYem0NEdixTMb66C4JKJ/94db7af86c79d1c21dd9f79163cf2276/Clyde-Blog-Touchpoint-Trojan-Horse.jpg]
[clyde.studiofreight.com/_next/The_Touchpoint_Trojan_Horse-2f321.png]
[clyde.studiofreight.com/_next/The_Touchpoint_Trojan_Horse-3c3c9.png]
[clyde.studiofreight.com/blog/the-touchpoint-trojan-horse.html]
[clyde.studiofreight.com/blog/the-value-of-calls-to-action.html]
[clyde.studiofreight.com/_next/Will_OEMs_Embrace_A_New_Business_Model_In_20210e39.png]
[clyde.studiofreight.com/_next/Will_OEMs_Embrace_A_New_Business_Model_In_2021b68f.png]
[clyde.studiofreight.com/blog/will-oems-embrace-a-new-business-model-in-2021.html]
[clyde.studiofreight.com/_next/A_Startling_Shift_In_Consumer_Confidence-1259b.jpg]
[clyde.studiofreight.com/blog/a-startling-shift-in-consumer-confidence.html]
[images.ctfassets.net/erlrc80rfj1z/SQhSjnpmsIcn6rTspHDrP/52b7edc161927f5776034b4ad1b57aff/Clyde-Three_Ways_To_Combat_Rising_Customer_Acquisition_Costs.jpg]
[clyde.studiofreight.com/_next/Three_Ways_To_Combat_Rising_Customer_Acquisition_Costs-1f6aa.png]
[clyde.studiofreight.com/_next/Three_Ways_To_Combat_Rising_Customer_Acquisition_Costs-2856d.png]
[clyde.studiofreight.com/blog/three-ways-to-combat-rising-customer-acquisition-costs.html]
[clyde.studiofreight.com/_next/Bridging_Seasonal_Lulls_With_Passive_Income-178e3.png]
[clyde.studiofreight.com/_next/Bridging_Seasonal_Lulls_With_Passive_Income-20f2b.png]
[clyde.studiofreight.com/blog/bridging-seasonal-lulls-with-passive-income.html]
[cdn.readme.io/public/hub/web/c1e38fd9e0e74ba58f7a2b77ef29fdd3.svg]
[cdn.readme.io/public/hub/web/03d12d07ab0e646f3be720a8908f5078.svg]
[cdnjs.cloudflare.com/ajax/libs/slick-carousel/1.6.0/fonts/slick.svg]
[app.joinclyde.com/static/media/Volte.html]
[app.joinclyde.com/images/select-arrows.svg]
[app.joinclyde.com/images/download-arrow.svg]
[clyde.studiofreight.com/case-study/chilisleep.html]
[app.joinclyde.com/customize.html]
